#
# There is insufficient memory for the Java Runtime Environment to continue.
# Native memory allocation (malloc) failed to allocate 1048576 bytes. Error detail: AllocateHeap
# Possible reasons:
#   The system is out of physical RAM or swap space
#   This process is running with CompressedOops enabled, and the Java Heap may be blocking the growth of the native heap
# Possible solutions:
#   Reduce memory load on the system
#   Increase physical memory or swap space
#   Check if swap backing store is full
#   Decrease Java heap size (-Xmx/-Xms)
#   Decrease number of Java threads
#   Decrease Java thread stack sizes (-Xss)
#   Set larger code cache with -XX:ReservedCodeCacheSize=
#   JVM is running with Unscaled Compressed Oops mode in which the Java heap is
#     placed in the first 4GB address space. The Java Heap base address is the
#     maximum limit for the native heap growth. Please use -XX:HeapBaseMinAddress
#     to set the Java Heap base and to place the Java Heap above 4GB virtual address.
# This output file may be truncated or incomplete.
#
#  Out of Memory Error (allocation.cpp:44), pid=4404, tid=11520
#
# JRE version: OpenJDK Runtime Environment Temurin-21.0.10+7 (21.0.10+7) (build 21.0.10+7-LTS)
# Java VM: OpenJDK 64-Bit Server VM Temurin-21.0.10+7 (21.0.10+7-LTS, mixed mode, sharing, tiered, compressed oops, compressed class ptrs, parallel gc, windows-amd64)
# No core dump will be written. Minidumps are not enabled by default on client versions of Windows
#

---------------  S U M M A R Y ------------

Command Line: --add-modules=ALL-SYSTEM --add-opens=java.base/java.util=ALL-UNNAMED --add-opens=java.base/java.lang=ALL-UNNAMED --add-opens=java.base/sun.nio.fs=ALL-UNNAMED -Declipse.application=org.eclipse.jdt.ls.core.id1 -Dosgi.bundles.defaultStartLevel=4 -Declipse.product=org.eclipse.jdt.ls.core.product -Djava.import.generatesMetadataFilesAtProjectRoot=false -DDetectVMInstallationsJob.disabled=true -Dfile.encoding=utf8 -XX:+UseParallelGC -XX:GCTimeRatio=4 -XX:AdaptiveSizePolicyWeight=90 -Dsun.zip.disableMemoryMapping=true -Xmx2G -Xms100m -Xlog:disable -javaagent:c:\Users\Purva\.vscode\extensions\redhat.java-1.54.0-win32-x64\lombok\lombok-1.18.39-4050.jar -XX:+HeapDumpOnOutOfMemoryError -XX:HeapDumpPath=c:\Users\Purva\AppData\Roaming\Code\User\workspaceStorage\3365d4dc88d67bdd00b2d8a6de014e21\redhat.java -Daether.dependencyCollector.impl=bf c:\Users\Purva\.vscode\extensions\redhat.java-1.54.0-win32-x64\server\plugins\org.eclipse.equinox.launcher_1.7.100.v20251111-0406.jar -configuration c:\Users\Purva\AppData\Roaming\Code\User\globalStorage\redhat.java\1.54.0\config_win -data c:\Users\Purva\AppData\Roaming\Code\User\workspaceStorage\3365d4dc88d67bdd00b2d8a6de014e21\redhat.java\jdt_ws --pipe=\\.\pipe\lsp-62c2dc7c21ca95b3ff6fdf3f80c2381c-sock

Host: Intel(R) Core(TM) i7-7500U CPU @ 2.70GHz, 4 cores, 7G,  Windows 10 , 64 bit Build 19041 (10.0.19041.5915)
Time: Mon Apr 27 14:00:49 2026 India Standard Time elapsed time: 9970.329904 seconds (0d 2h 46m 10s)

---------------  T H R E A D  ---------------

Current thread (0x0000022bf0eb0a60):  JavaThread "Attach Listener" daemon [_thread_in_vm, id=11520, stack(0x0000006714400000,0x0000006714500000) (1024K)]

Stack: [0x0000006714400000,0x0000006714500000]
Native frames: (J=compiled Java code, j=interpreted, Vv=VM code, C=native code)
V  [jvm.dll+0x6d7a39]
V  [jvm.dll+0x8b4b26]
V  [jvm.dll+0x8b70de]
V  [jvm.dll+0x8b77c3]
V  [jvm.dll+0x284346]
V  [jvm.dll+0xc1277]
V  [jvm.dll+0x6d82e9]
V  [jvm.dll+0x1334a6]
V  [jvm.dll+0x3f857e]
V  [jvm.dll+0x85f59d]
V  [jvm.dll+0x6d626d]
C  [ucrtbase.dll+0x21bb2]
C  [KERNEL32.DLL+0x17374]
C  [ntdll.dll+0x4cc91]


---------------  P R O C E S S  ---------------

Threads class SMR info:
_java_thread_list=0x0000022bfe2e0440, length=42, elements={
0x0000022bf0fc1170, 0x0000022bf0ead310, 0x0000022bf0eaec20, 0x0000022bf0eafb40,
0x0000022bf0eb0a60, 0x0000022bf0eb1980, 0x0000022bf0eb5500, 0x0000022bf0eb6d30,
0x0000022bf0f2a030, 0x0000022bf9674020, 0x0000022bf96ee780, 0x0000022bfe6d7bc0,
0x0000022bf97a45f0, 0x0000022bfe825740, 0x0000022bfe03c700, 0x0000022bf98df1c0,
0x0000022bfea81860, 0x0000022bfea524c0, 0x0000022bfecddab0, 0x0000022bfecdc700,
0x0000022bfecde7d0, 0x0000022bfecdf4f0, 0x0000022bd02b3d30, 0x0000022bd02b1c60,
0x0000022bd02b43c0, 0x0000022bd02b4a50, 0x0000022bd02b36a0, 0x0000022bd02b50e0,
0x0000022bd02b22f0, 0x0000022bd02b3010, 0x0000022bff3309e0, 0x0000022bff32d560,
0x0000022bff3337d0, 0x0000022bff331d90, 0x0000022bff32e280, 0x0000022bff32dbf0,
0x0000022bff32fcc0, 0x0000022bff32efa0, 0x0000022bff332420, 0x0000022bff332ab0,
0x0000022bd10d51a0, 0x0000022bd10d3760
}

Java Threads: ( => current thread )
  0x0000022bf0fc1170 JavaThread "main"                              [_thread_blocked, id=16340, stack(0x0000006713d00000,0x0000006713e00000) (1024K)]
  0x0000022bf0ead310 JavaThread "Reference Handler"          daemon [_thread_blocked, id=18332, stack(0x0000006714100000,0x0000006714200000) (1024K)]
  0x0000022bf0eaec20 JavaThread "Finalizer"                  daemon [_thread_blocked, id=16160, stack(0x0000006714200000,0x0000006714300000) (1024K)]
  0x0000022bf0eafb40 JavaThread "Signal Dispatcher"          daemon [_thread_blocked, id=3608, stack(0x0000006714300000,0x0000006714400000) (1024K)]
=>0x0000022bf0eb0a60 JavaThread "Attach Listener"            daemon [_thread_in_vm, id=11520, stack(0x0000006714400000,0x0000006714500000) (1024K)]
  0x0000022bf0eb1980 JavaThread "Service Thread"             daemon [_thread_blocked, id=12836, stack(0x0000006714500000,0x0000006714600000) (1024K)]
  0x0000022bf0eb5500 JavaThread "Monitor Deflation Thread"   daemon [_thread_blocked, id=8692, stack(0x0000006714600000,0x0000006714700000) (1024K)]
  0x0000022bf0eb6d30 JavaThread "C2 CompilerThread0"         daemon [_thread_blocked, id=8608, stack(0x0000006714700000,0x0000006714800000) (1024K)]
  0x0000022bf0f2a030 JavaThread "C1 CompilerThread0"         daemon [_thread_blocked, id=10800, stack(0x0000006714800000,0x0000006714900000) (1024K)]
  0x0000022bf9674020 JavaThread "Common-Cleaner"             daemon [_thread_blocked, id=13908, stack(0x0000006714900000,0x0000006714a00000) (1024K)]
  0x0000022bf96ee780 JavaThread "Notification Thread"        daemon [_thread_blocked, id=11780, stack(0x0000006714a00000,0x0000006714b00000) (1024K)]
  0x0000022bfe6d7bc0 JavaThread "Active Thread: Equinox Container: f6759f63-a7cd-4f4d-aaa1-72be019452ec"        [_thread_blocked, id=17604, stack(0x0000006714b00000,0x0000006714c00000) (1024K)]
  0x0000022bf97a45f0 JavaThread "Refresh Thread: Equinox Container: f6759f63-a7cd-4f4d-aaa1-72be019452ec" daemon [_thread_blocked, id=3304, stack(0x0000006714f00000,0x0000006715000000) (1024K)]
  0x0000022bfe825740 JavaThread "Framework Event Dispatcher: Equinox Container: f6759f63-a7cd-4f4d-aaa1-72be019452ec" daemon [_thread_blocked, id=16080, stack(0x0000006715000000,0x0000006715100000) (1024K)]
  0x0000022bfe03c700 JavaThread "Start Level: Equinox Container: f6759f63-a7cd-4f4d-aaa1-72be019452ec" daemon [_thread_blocked, id=4004, stack(0x0000006715100000,0x0000006715200000) (1024K)]
  0x0000022bf98df1c0 JavaThread "Bundle File Closer"         daemon [_thread_blocked, id=16392, stack(0x0000006715300000,0x0000006715400000) (1024K)]
  0x0000022bfea81860 JavaThread "SCR Component Actor"        daemon [_thread_blocked, id=3012, stack(0x0000006715200000,0x0000006715300000) (1024K)]
  0x0000022bfea524c0 JavaThread "Worker-JM"                         [_thread_blocked, id=6520, stack(0x0000006715500000,0x0000006715600000) (1024K)]
  0x0000022bfecddab0 JavaThread "JNA Cleaner"                daemon [_thread_blocked, id=1164, stack(0x0000006715400000,0x0000006715500000) (1024K)]
  0x0000022bfecdc700 JavaThread "Worker-0"                          [_thread_blocked, id=11540, stack(0x0000006715600000,0x0000006715700000) (1024K)]
  0x0000022bfecde7d0 JavaThread "Java indexing"              daemon [_thread_blocked, id=3772, stack(0x0000006715900000,0x0000006715a00000) (1024K)]
  0x0000022bfecdf4f0 JavaThread "Worker-3"                          [_thread_blocked, id=18224, stack(0x0000006715b00000,0x0000006715c00000) (1024K)]
  0x0000022bd02b3d30 JavaThread "Thread-1"                   daemon [_thread_in_native, id=11688, stack(0x0000006716000000,0x0000006716100000) (1024K)]
  0x0000022bd02b1c60 JavaThread "Thread-2"                   daemon [_thread_in_native, id=18112, stack(0x0000006716100000,0x0000006716200000) (1024K)]
  0x0000022bd02b43c0 JavaThread "Thread-3"                   daemon [_thread_in_native, id=17296, stack(0x0000006716200000,0x0000006716300000) (1024K)]
  0x0000022bd02b4a50 JavaThread "Thread-4"                   daemon [_thread_in_native, id=13664, stack(0x0000006716300000,0x0000006716400000) (1024K)]
  0x0000022bd02b36a0 JavaThread "Thread-5"                   daemon [_thread_in_native, id=17432, stack(0x0000006716400000,0x0000006716500000) (1024K)]
  0x0000022bd02b50e0 JavaThread "pool-2-thread-1"                   [_thread_blocked, id=17624, stack(0x0000006716500000,0x0000006716600000) (1024K)]
  0x0000022bd02b22f0 JavaThread "Timer-0"                           [_thread_blocked, id=16208, stack(0x0000006716600000,0x0000006716700000) (1024K)]
  0x0000022bd02b3010 JavaThread "Timer-1"                           [_thread_blocked, id=11852, stack(0x0000006716700000,0x0000006716800000) (1024K)]
  0x0000022bff3309e0 JavaThread "WorkspaceEventsHandler"            [_thread_blocked, id=672, stack(0x0000006716a00000,0x0000006716b00000) (1024K)]
  0x0000022bff32d560 JavaThread "pool-1-thread-1"                   [_thread_blocked, id=13248, stack(0x0000006716b00000,0x0000006716c00000) (1024K)]
  0x0000022bff3337d0 JavaThread "Timer-2"                           [_thread_blocked, id=10088, stack(0x0000006715800000,0x0000006715900000) (1024K)]
  0x0000022bff331d90 JavaThread "Timer-3"                           [_thread_blocked, id=17700, stack(0x0000006716e00000,0x0000006716f00000) (1024K)]
  0x0000022bff32e280 JavaThread "Timer-4"                           [_thread_blocked, id=15076, stack(0x0000006716f00000,0x0000006717000000) (1024K)]
  0x0000022bff32dbf0 JavaThread "Timer-5"                           [_thread_blocked, id=18200, stack(0x0000006717000000,0x0000006717100000) (1024K)]
  0x0000022bff32fcc0 JavaThread "Timer-6"                           [_thread_blocked, id=7584, stack(0x0000006716800000,0x0000006716900000) (1024K)]
  0x0000022bff32efa0 JavaThread "Timer-7"                           [_thread_blocked, id=1732, stack(0x0000006717100000,0x0000006717200000) (1024K)]
  0x0000022bff332420 JavaThread "Timer-8"                           [_thread_blocked, id=13384, stack(0x0000006717200000,0x0000006717300000) (1024K)]
  0x0000022bff332ab0 JavaThread "Timer-9"                           [_thread_blocked, id=5760, stack(0x0000006717700000,0x0000006717800000) (1024K)]
  0x0000022bd10d51a0 JavaThread "Timer-10"                          [_thread_blocked, id=10592, stack(0x0000006718100000,0x0000006718200000) (1024K)]
  0x0000022bd10d3760 JavaThread "Timer-11"                          [_thread_blocked, id=4756, stack(0x0000006718200000,0x0000006718300000) (1024K)]
Total: 42

Other Threads:
  0x0000022bf0e9e590 VMThread "VM Thread"                           [id=17384, stack(0x0000006714000000,0x0000006714100000) (1024K)]
  0x0000022bf102bbe0 WatcherThread "VM Periodic Task Thread"        [id=9404, stack(0x0000006713f00000,0x0000006714000000) (1024K)]
  0x0000022bf0fdf5a0 WorkerThread "GC Thread#0"                     [id=12040, stack(0x0000006713e00000,0x0000006713f00000) (1024K)]
  0x0000022bfe28fa10 WorkerThread "GC Thread#1"                     [id=12332, stack(0x0000006714c00000,0x0000006714d00000) (1024K)]
  0x0000022bfe61bc30 WorkerThread "GC Thread#2"                     [id=15980, stack(0x0000006714d00000,0x0000006714e00000) (1024K)]
  0x0000022bfe61bfe0 WorkerThread "GC Thread#3"                     [id=12824, stack(0x0000006714e00000,0x0000006714f00000) (1024K)]
Total: 6

Threads with active compile tasks:
Total: 0

VM state: not at safepoint (normal execution)

VM Mutex/Monitor currently owned by a thread: None

Heap address: 0x0000000080000000, size: 2048 MB, Compressed Oops mode: 32-bit

CDS archive(s) mapped at: [0x0000022b8f000000-0x0000022b8fba0000-0x0000022b8fba0000), size 12189696, SharedBaseAddress: 0x0000022b8f000000, ArchiveRelocationMode: 1.
Compressed class space mapped at: 0x0000022b90000000-0x0000022bd0000000, reserved size: 1073741824
Narrow klass base: 0x0000022b8f000000, Narrow klass shift: 0, Narrow klass range: 0x100000000

GC Precious Log:
 CardTable entry size: 512
 CPUs: 4 total, 4 available
 Memory: 8085M
 Large Page Support: Disabled
 NUMA Support: Disabled
 Compressed Oops: Enabled (32-bit)
 Alignments: Space 512K, Generation 512K, Heap 2M
 Heap Min Capacity: 100M
 Heap Initial Capacity: 100M
 Heap Max Capacity: 2G
 Pre-touch: Disabled
 Parallel Workers: 4

Heap:
 PSYoungGen      total 18944K, used 15992K [0x00000000d5580000, 0x00000000d6a00000, 0x0000000100000000)
  eden space 17920K, 86% used [0x00000000d5580000,0x00000000d64a5c58,0x00000000d6700000)
  from space 1024K, 47% used [0x00000000d6800000,0x00000000d6878600,0x00000000d6900000)
  to   space 512K, 0% used [0x00000000d6980000,0x00000000d6980000,0x00000000d6a00000)
 ParOldGen       total 68608K, used 46337K [0x0000000080000000, 0x0000000084300000, 0x00000000d5580000)
  object space 68608K, 67% used [0x0000000080000000,0x0000000082d40420,0x0000000084300000)
 Metaspace       used 72688K, committed 74240K, reserved 1114112K
  class space    used 9158K, committed 9856K, reserved 1048576K

Card table byte_map: [0x0000022bf0970000,0x0000022bf0d80000] _byte_map_base: 0x0000022bf0570000

Marking Bits: (ParMarkBitMap*) 0x00007ff9ba513450
 Begin Bits: [0x0000022bf4480000, 0x0000022bf6480000)
 End Bits:   [0x0000022bf6480000, 0x0000022bf8480000)

Polling page: 0x0000022beee10000

Metaspace:

Usage:
  Non-class:     62.04 MB used.
      Class:      8.94 MB used.
       Both:     70.98 MB used.

Virtual space:
  Non-class space:       64.00 MB reserved,      62.88 MB ( 98%) committed,  1 nodes.
      Class space:        1.00 GB reserved,       9.62 MB ( <1%) committed,  1 nodes.
             Both:        1.06 GB reserved,      72.50 MB (  7%) committed. 

Chunk freelists:
   Non-Class:  689.00 KB
       Class:  6.29 MB
        Both:  6.96 MB

MaxMetaspaceSize: unlimited
CompressedClassSpaceSize: 1.00 GB
Initial GC threshold: 21.00 MB
Current GC threshold: 97.31 MB
CDS: on
 - commit_granule_bytes: 65536.
 - commit_granule_words: 8192.
 - virtual_space_node_default_size: 8388608.
 - enlarge_chunks_in_place: 1.
 - use_allocation_guard: 0.


Internal statistics:

num_allocs_failed_limit: 9.
num_arena_births: 1290.
num_arena_deaths: 20.
num_vsnodes_births: 2.
num_vsnodes_deaths: 0.
num_space_committed: 1160.
num_space_uncommitted: 0.
num_chunks_returned_to_freelist: 31.
num_chunks_taken_from_freelist: 4372.
num_chunk_merges: 9.
num_chunk_splits: 2765.
num_chunks_enlarged: 1682.
num_inconsistent_stats: 0.

CodeHeap 'non-profiled nmethods': size=120000Kb used=5688Kb max_used=5688Kb free=114311Kb
 bounds [0x0000022b87ad0000, 0x0000022b88060000, 0x0000022b8f000000]
CodeHeap 'profiled nmethods': size=120000Kb used=17275Kb max_used=17275Kb free=102725Kb
 bounds [0x0000022b80000000, 0x0000022b810e0000, 0x0000022b87530000]
CodeHeap 'non-nmethods': size=5760Kb used=1434Kb max_used=1512Kb free=4325Kb
 bounds [0x0000022b87530000, 0x0000022b877a0000, 0x0000022b87ad0000]
CodeCache: size=245760Kb, used=24397Kb, max_used=24475Kb, free=221361Kb
 total_blobs=8968, nmethods=8225, adapters=649, full_count=0
Compilation: enabled, stopped_count=0, restarted_count=0

Compilation events (20 events):
Event: 7504.934 Thread 0x0000022bf0f2a030 8943       3       org.eclipse.osgi.storage.Storage::isReadOnly (10 bytes)
Event: 7504.938 Thread 0x0000022bf0f2a030 nmethod 8943 0x0000022b810dc190 code [0x0000022b810dc340, 0x0000022b810dc4c0]
Event: 7684.945 Thread 0x0000022bf0f2a030 8944   !   3       org.eclipse.osgi.internal.framework.StorageSaver$StorageSaverTask::run (31 bytes)
Event: 7684.985 Thread 0x0000022bf0f2a030 nmethod 8944 0x0000022b810dc590 code [0x0000022b810dc760, 0x0000022b810dca00]
Event: 7684.985 Thread 0x0000022bf0f2a030 8945   !   3       org.eclipse.osgi.storage.Storage::save (62 bytes)
Event: 7684.990 Thread 0x0000022bf0f2a030 nmethod 8945 0x0000022b810dcb90 code [0x0000022b810dcd80, 0x0000022b810dd0f0]
Event: 7715.002 Thread 0x0000022bf0f2a030 8946       3       java.util.logging.Logger::getLogger (8 bytes)
Event: 7715.003 Thread 0x0000022bf0f2a030 nmethod 8946 0x0000022b810dd290 code [0x0000022b810dd460, 0x0000022b810dd620]
Event: 7715.003 Thread 0x0000022bf0f2a030 8947       3       java.util.logging.Logger::getLogger (7 bytes)
Event: 7715.004 Thread 0x0000022bf0f2a030 nmethod 8947 0x0000022b810dd710 code [0x0000022b810dd8c0, 0x0000022b810dd9e8]
Event: 7715.004 Thread 0x0000022bf0f2a030 8948       3       java.util.logging.Logger::demandLogger (36 bytes)
Event: 7715.018 Thread 0x0000022bf0f2a030 nmethod 8948 0x0000022b810dda90 code [0x0000022b810ddd20, 0x0000022b810de7d0]
Event: 9066.935 Thread 0x0000022bf0eb6d30 8949       4       java.util.concurrent.ThreadPoolExecutor::beforeExecute (1 bytes)
Event: 9066.937 Thread 0x0000022bf0eb6d30 nmethod 8949 0x0000022b8805d610 code [0x0000022b8805d7a0, 0x0000022b8805d828]
Event: 9136.966 Thread 0x0000022bf0eb6d30 8950       4       java.util.concurrent.ThreadPoolExecutor::afterExecute (1 bytes)
Event: 9136.967 Thread 0x0000022bf0eb6d30 nmethod 8950 0x0000022b8805d910 code [0x0000022b8805daa0, 0x0000022b8805db28]
Event: 9331.916 Thread 0x0000022bf0f2a030 8951       1       org.eclipse.core.internal.jobs.InternalJob::getListeners (5 bytes)
Event: 9331.923 Thread 0x0000022bf0f2a030 nmethod 8951 0x0000022b8805dc10 code [0x0000022b8805dda0, 0x0000022b8805de68]
Event: 9695.192 Thread 0x0000022bf0eb6d30 8952       4       java.util.concurrent.locks.AbstractQueuedSynchronizer$ConditionObject::canReacquire (38 bytes)
Event: 9695.200 Thread 0x0000022bf0eb6d30 nmethod 8952 0x0000022b8805df10 code [0x0000022b8805e0a0, 0x0000022b8805e170]

GC Heap History (20 events):
Event: 49.419 GC heap before
{Heap before GC invocations=45 (full 3):
 PSYoungGen      total 19456K, used 18503K [0x00000000d5580000, 0x00000000d6b00000, 0x0000000100000000)
  eden space 17920K, 100% used [0x00000000d5580000,0x00000000d6700000,0x00000000d6700000)
  from space 1536K, 37% used [0x00000000d6800000,0x00000000d6891d48,0x00000000d6980000)
  to   space 1024K, 0% used [0x00000000d6a00000,0x00000000d6a00000,0x00000000d6b00000)
 ParOldGen       total 68608K, used 43684K [0x0000000080000000, 0x0000000084300000, 0x00000000d5580000)
  object space 68608K, 63% used [0x0000000080000000,0x0000000082aa9108,0x0000000084300000)
 Metaspace       used 65611K, committed 66880K, reserved 1114112K
  class space    used 8226K, committed 8768K, reserved 1048576K
}
Event: 49.420 GC heap after
{Heap after GC invocations=45 (full 3):
 PSYoungGen      total 18432K, used 234K [0x00000000d5580000, 0x00000000d6a80000, 0x0000000100000000)
  eden space 17920K, 0% used [0x00000000d5580000,0x00000000d5580000,0x00000000d6700000)
  from space 512K, 45% used [0x00000000d6a00000,0x00000000d6a3a970,0x00000000d6a80000)
  to   space 512K, 0% used [0x00000000d6980000,0x00000000d6980000,0x00000000d6a00000)
 ParOldGen       total 68608K, used 43740K [0x0000000080000000, 0x0000000084300000, 0x00000000d5580000)
  object space 68608K, 63% used [0x0000000080000000,0x0000000082ab7108,0x0000000084300000)
 Metaspace       used 65611K, committed 66880K, reserved 1114112K
  class space    used 8226K, committed 8768K, reserved 1048576K
}
Event: 49.574 GC heap before
{Heap before GC invocations=46 (full 3):
 PSYoungGen      total 18432K, used 18154K [0x00000000d5580000, 0x00000000d6a80000, 0x0000000100000000)
  eden space 17920K, 100% used [0x00000000d5580000,0x00000000d6700000,0x00000000d6700000)
  from space 512K, 45% used [0x00000000d6a00000,0x00000000d6a3a970,0x00000000d6a80000)
  to   space 512K, 0% used [0x00000000d6980000,0x00000000d6980000,0x00000000d6a00000)
 ParOldGen       total 68608K, used 43740K [0x0000000080000000, 0x0000000084300000, 0x00000000d5580000)
  object space 68608K, 63% used [0x0000000080000000,0x0000000082ab7108,0x0000000084300000)
 Metaspace       used 65611K, committed 66880K, reserved 1114112K
  class space    used 8226K, committed 8768K, reserved 1048576K
}
Event: 49.575 GC heap after
{Heap after GC invocations=46 (full 3):
 PSYoungGen      total 18432K, used 491K [0x00000000d5580000, 0x00000000d6a80000, 0x0000000100000000)
  eden space 17920K, 0% used [0x00000000d5580000,0x00000000d5580000,0x00000000d6700000)
  from space 512K, 96% used [0x00000000d6980000,0x00000000d69fafe0,0x00000000d6a00000)
  to   space 512K, 0% used [0x00000000d6a00000,0x00000000d6a00000,0x00000000d6a80000)
 ParOldGen       total 68608K, used 44186K [0x0000000080000000, 0x0000000084300000, 0x00000000d5580000)
  object space 68608K, 64% used [0x0000000080000000,0x0000000082b269e0,0x0000000084300000)
 Metaspace       used 65611K, committed 66880K, reserved 1114112K
  class space    used 8226K, committed 8768K, reserved 1048576K
}
Event: 49.806 GC heap before
{Heap before GC invocations=47 (full 3):
 PSYoungGen      total 18432K, used 18411K [0x00000000d5580000, 0x00000000d6a80000, 0x0000000100000000)
  eden space 17920K, 100% used [0x00000000d5580000,0x00000000d6700000,0x00000000d6700000)
  from space 512K, 96% used [0x00000000d6980000,0x00000000d69fafe0,0x00000000d6a00000)
  to   space 512K, 0% used [0x00000000d6a00000,0x00000000d6a00000,0x00000000d6a80000)
 ParOldGen       total 68608K, used 44186K [0x0000000080000000, 0x0000000084300000, 0x00000000d5580000)
  object space 68608K, 64% used [0x0000000080000000,0x0000000082b269e0,0x0000000084300000)
 Metaspace       used 65611K, committed 66880K, reserved 1114112K
  class space    used 8226K, committed 8768K, reserved 1048576K
}
Event: 49.807 GC heap after
{Heap after GC invocations=47 (full 3):
 PSYoungGen      total 18432K, used 507K [0x00000000d5580000, 0x00000000d6a80000, 0x0000000100000000)
  eden space 17920K, 0% used [0x00000000d5580000,0x00000000d5580000,0x00000000d6700000)
  from space 512K, 99% used [0x00000000d6a00000,0x00000000d6a7ee98,0x00000000d6a80000)
  to   space 1536K, 0% used [0x00000000d6780000,0x00000000d6780000,0x00000000d6900000)
 ParOldGen       total 68608K, used 44674K [0x0000000080000000, 0x0000000084300000, 0x00000000d5580000)
  object space 68608K, 65% used [0x0000000080000000,0x0000000082ba0900,0x0000000084300000)
 Metaspace       used 65611K, committed 66880K, reserved 1114112K
  class space    used 8226K, committed 8768K, reserved 1048576K
}
Event: 50.056 GC heap before
{Heap before GC invocations=48 (full 3):
 PSYoungGen      total 18432K, used 18427K [0x00000000d5580000, 0x00000000d6a80000, 0x0000000100000000)
  eden space 17920K, 100% used [0x00000000d5580000,0x00000000d6700000,0x00000000d6700000)
  from space 512K, 99% used [0x00000000d6a00000,0x00000000d6a7ee98,0x00000000d6a80000)
  to   space 1536K, 0% used [0x00000000d6780000,0x00000000d6780000,0x00000000d6900000)
 ParOldGen       total 68608K, used 44674K [0x0000000080000000, 0x0000000084300000, 0x00000000d5580000)
  object space 68608K, 65% used [0x0000000080000000,0x0000000082ba0900,0x0000000084300000)
 Metaspace       used 65611K, committed 66880K, reserved 1114112K
  class space    used 8226K, committed 8768K, reserved 1048576K
}
Event: 50.057 GC heap after
{Heap after GC invocations=48 (full 3):
 PSYoungGen      total 19456K, used 902K [0x00000000d5580000, 0x00000000d6a80000, 0x0000000100000000)
  eden space 17920K, 0% used [0x00000000d5580000,0x00000000d5580000,0x00000000d6700000)
  from space 1536K, 58% used [0x00000000d6780000,0x00000000d6861bd0,0x00000000d6900000)
  to   space 1024K, 0% used [0x00000000d6980000,0x00000000d6980000,0x00000000d6a80000)
 ParOldGen       total 68608K, used 44730K [0x0000000080000000, 0x0000000084300000, 0x00000000d5580000)
  object space 68608K, 65% used [0x0000000080000000,0x0000000082bae900,0x0000000084300000)
 Metaspace       used 65611K, committed 66880K, reserved 1114112K
  class space    used 8226K, committed 8768K, reserved 1048576K
}
Event: 50.209 GC heap before
{Heap before GC invocations=49 (full 3):
 PSYoungGen      total 19456K, used 18822K [0x00000000d5580000, 0x00000000d6a80000, 0x0000000100000000)
  eden space 17920K, 100% used [0x00000000d5580000,0x00000000d6700000,0x00000000d6700000)
  from space 1536K, 58% used [0x00000000d6780000,0x00000000d6861bd0,0x00000000d6900000)
  to   space 1024K, 0% used [0x00000000d6980000,0x00000000d6980000,0x00000000d6a80000)
 ParOldGen       total 68608K, used 44730K [0x0000000080000000, 0x0000000084300000, 0x00000000d5580000)
  object space 68608K, 65% used [0x0000000080000000,0x0000000082bae900,0x0000000084300000)
 Metaspace       used 65963K, committed 67200K, reserved 1114112K
  class space    used 8271K, committed 8768K, reserved 1048576K
}
Event: 50.210 GC heap after
{Heap after GC invocations=49 (full 3):
 PSYoungGen      total 18432K, used 208K [0x00000000d5580000, 0x00000000d6a00000, 0x0000000100000000)
  eden space 17920K, 0% used [0x00000000d5580000,0x00000000d5580000,0x00000000d6700000)
  from space 512K, 40% used [0x00000000d6980000,0x00000000d69b4010,0x00000000d6a00000)
  to   space 512K, 0% used [0x00000000d6900000,0x00000000d6900000,0x00000000d6980000)
 ParOldGen       total 68608K, used 44770K [0x0000000080000000, 0x0000000084300000, 0x00000000d5580000)
  object space 68608K, 65% used [0x0000000080000000,0x0000000082bb8900,0x0000000084300000)
 Metaspace       used 65963K, committed 67200K, reserved 1114112K
  class space    used 8271K, committed 8768K, reserved 1048576K
}
Event: 50.589 GC heap before
{Heap before GC invocations=50 (full 3):
 PSYoungGen      total 18432K, used 18128K [0x00000000d5580000, 0x00000000d6a00000, 0x0000000100000000)
  eden space 17920K, 100% used [0x00000000d5580000,0x00000000d6700000,0x00000000d6700000)
  from space 512K, 40% used [0x00000000d6980000,0x00000000d69b4010,0x00000000d6a00000)
  to   space 512K, 0% used [0x00000000d6900000,0x00000000d6900000,0x00000000d6980000)
 ParOldGen       total 68608K, used 44770K [0x0000000080000000, 0x0000000084300000, 0x00000000d5580000)
  object space 68608K, 65% used [0x0000000080000000,0x0000000082bb8900,0x0000000084300000)
 Metaspace       used 68275K, committed 69696K, reserved 1114112K
  class space    used 8596K, committed 9216K, reserved 1048576K
}
Event: 50.590 GC heap after
{Heap after GC invocations=50 (full 3):
 PSYoungGen      total 18432K, used 480K [0x00000000d5580000, 0x00000000d6a00000, 0x0000000100000000)
  eden space 17920K, 0% used [0x00000000d5580000,0x00000000d5580000,0x00000000d6700000)
  from space 512K, 93% used [0x00000000d6900000,0x00000000d6978010,0x00000000d6980000)
  to   space 512K, 0% used [0x00000000d6980000,0x00000000d6980000,0x00000000d6a00000)
 ParOldGen       total 68608K, used 44946K [0x0000000080000000, 0x0000000084300000, 0x00000000d5580000)
  object space 68608K, 65% used [0x0000000080000000,0x0000000082be4920,0x0000000084300000)
 Metaspace       used 68275K, committed 69696K, reserved 1114112K
  class space    used 8596K, committed 9216K, reserved 1048576K
}
Event: 51.701 GC heap before
{Heap before GC invocations=51 (full 3):
 PSYoungGen      total 18432K, used 18400K [0x00000000d5580000, 0x00000000d6a00000, 0x0000000100000000)
  eden space 17920K, 100% used [0x00000000d5580000,0x00000000d6700000,0x00000000d6700000)
  from space 512K, 93% used [0x00000000d6900000,0x00000000d6978010,0x00000000d6980000)
  to   space 512K, 0% used [0x00000000d6980000,0x00000000d6980000,0x00000000d6a00000)
 ParOldGen       total 68608K, used 44946K [0x0000000080000000, 0x0000000084300000, 0x00000000d5580000)
  object space 68608K, 65% used [0x0000000080000000,0x0000000082be4920,0x0000000084300000)
 Metaspace       used 68697K, committed 70016K, reserved 1114112K
  class space    used 8653K, committed 9216K, reserved 1048576K
}
Event: 51.703 GC heap after
{Heap after GC invocations=51 (full 3):
 PSYoungGen      total 18432K, used 224K [0x00000000d5580000, 0x00000000d6a00000, 0x0000000100000000)
  eden space 17920K, 0% used [0x00000000d5580000,0x00000000d5580000,0x00000000d6700000)
  from space 512K, 43% used [0x00000000d6980000,0x00000000d69b8000,0x00000000d6a00000)
  to   space 512K, 0% used [0x00000000d6900000,0x00000000d6900000,0x00000000d6980000)
 ParOldGen       total 68608K, used 45373K [0x0000000080000000, 0x0000000084300000, 0x00000000d5580000)
  object space 68608K, 66% used [0x0000000080000000,0x0000000082c4f4b0,0x0000000084300000)
 Metaspace       used 68697K, committed 70016K, reserved 1114112K
  class space    used 8653K, committed 9216K, reserved 1048576K
}
Event: 52.350 GC heap before
{Heap before GC invocations=52 (full 3):
 PSYoungGen      total 18432K, used 18144K [0x00000000d5580000, 0x00000000d6a00000, 0x0000000100000000)
  eden space 17920K, 100% used [0x00000000d5580000,0x00000000d6700000,0x00000000d6700000)
  from space 512K, 43% used [0x00000000d6980000,0x00000000d69b8000,0x00000000d6a00000)
  to   space 512K, 0% used [0x00000000d6900000,0x00000000d6900000,0x00000000d6980000)
 ParOldGen       total 68608K, used 45373K [0x0000000080000000, 0x0000000084300000, 0x00000000d5580000)
  object space 68608K, 66% used [0x0000000080000000,0x0000000082c4f4b0,0x0000000084300000)
 Metaspace       used 69441K, committed 70784K, reserved 1114112K
  class space    used 8737K, committed 9344K, reserved 1048576K
}
Event: 52.352 GC heap after
{Heap after GC invocations=52 (full 3):
 PSYoungGen      total 18432K, used 504K [0x00000000d5580000, 0x00000000d6a00000, 0x0000000100000000)
  eden space 17920K, 0% used [0x00000000d5580000,0x00000000d5580000,0x00000000d6700000)
  from space 512K, 98% used [0x00000000d6900000,0x00000000d697e1a8,0x00000000d6980000)
  to   space 512K, 0% used [0x00000000d6980000,0x00000000d6980000,0x00000000d6a00000)
 ParOldGen       total 68608K, used 45597K [0x0000000080000000, 0x0000000084300000, 0x00000000d5580000)
  object space 68608K, 66% used [0x0000000080000000,0x0000000082c875e0,0x0000000084300000)
 Metaspace       used 69441K, committed 70784K, reserved 1114112K
  class space    used 8737K, committed 9344K, reserved 1048576K
}
Event: 53.038 GC heap before
{Heap before GC invocations=53 (full 3):
 PSYoungGen      total 18432K, used 18424K [0x00000000d5580000, 0x00000000d6a00000, 0x0000000100000000)
  eden space 17920K, 100% used [0x00000000d5580000,0x00000000d6700000,0x00000000d6700000)
  from space 512K, 98% used [0x00000000d6900000,0x00000000d697e1a8,0x00000000d6980000)
  to   space 512K, 0% used [0x00000000d6980000,0x00000000d6980000,0x00000000d6a00000)
 ParOldGen       total 68608K, used 45597K [0x0000000080000000, 0x0000000084300000, 0x00000000d5580000)
  object space 68608K, 66% used [0x0000000080000000,0x0000000082c875e0,0x0000000084300000)
 Metaspace       used 70474K, committed 71936K, reserved 1114112K
  class space    used 8903K, committed 9536K, reserved 1048576K
}
Event: 53.040 GC heap after
{Heap after GC invocations=53 (full 3):
 PSYoungGen      total 18432K, used 480K [0x00000000d5580000, 0x00000000d6a00000, 0x0000000100000000)
  eden space 17920K, 0% used [0x00000000d5580000,0x00000000d5580000,0x00000000d6700000)
  from space 512K, 93% used [0x00000000d6980000,0x00000000d69f8000,0x00000000d6a00000)
  to   space 1024K, 0% used [0x00000000d6800000,0x00000000d6800000,0x00000000d6900000)
 ParOldGen       total 68608K, used 46024K [0x0000000080000000, 0x0000000084300000, 0x00000000d5580000)
  object space 68608K, 67% used [0x0000000080000000,0x0000000082cf23f0,0x0000000084300000)
 Metaspace       used 70474K, committed 71936K, reserved 1114112K
  class space    used 8903K, committed 9536K, reserved 1048576K
}
Event: 89.489 GC heap before
{Heap before GC invocations=54 (full 3):
 PSYoungGen      total 18432K, used 18400K [0x00000000d5580000, 0x00000000d6a00000, 0x0000000100000000)
  eden space 17920K, 100% used [0x00000000d5580000,0x00000000d6700000,0x00000000d6700000)
  from space 512K, 93% used [0x00000000d6980000,0x00000000d69f8000,0x00000000d6a00000)
  to   space 1024K, 0% used [0x00000000d6800000,0x00000000d6800000,0x00000000d6900000)
 ParOldGen       total 68608K, used 46024K [0x0000000080000000, 0x0000000084300000, 0x00000000d5580000)
  object space 68608K, 67% used [0x0000000080000000,0x0000000082cf23f0,0x0000000084300000)
 Metaspace       used 71292K, committed 72704K, reserved 1114112K
  class space    used 9003K, committed 9664K, reserved 1048576K
}
Event: 89.491 GC heap after
{Heap after GC invocations=54 (full 3):
 PSYoungGen      total 18944K, used 481K [0x00000000d5580000, 0x00000000d6a00000, 0x0000000100000000)
  eden space 17920K, 0% used [0x00000000d5580000,0x00000000d5580000,0x00000000d6700000)
  from space 1024K, 47% used [0x00000000d6800000,0x00000000d6878600,0x00000000d6900000)
  to   space 512K, 0% used [0x00000000d6980000,0x00000000d6980000,0x00000000d6a00000)
 ParOldGen       total 68608K, used 46337K [0x0000000080000000, 0x0000000084300000, 0x00000000d5580000)
  object space 68608K, 67% used [0x0000000080000000,0x0000000082d40420,0x0000000084300000)
 Metaspace       used 71292K, committed 72704K, reserved 1114112K
  class space    used 9003K, committed 9664K, reserved 1048576K
}

Dll operation events (15 events):
Event: 0.017 Loaded shared library c:\Users\Purva\.vscode\extensions\redhat.java-1.54.0-win32-x64\jre\21.0.10-win32-x86_64\bin\java.dll
Event: 0.202 Loaded shared library c:\Users\Purva\.vscode\extensions\redhat.java-1.54.0-win32-x64\jre\21.0.10-win32-x86_64\bin\zip.dll
Event: 0.261 Loaded shared library C:\Users\Purva\.vscode\extensions\redhat.java-1.54.0-win32-x64\jre\21.0.10-win32-x86_64\bin\instrument.dll
Event: 0.285 Loaded shared library C:\Users\Purva\.vscode\extensions\redhat.java-1.54.0-win32-x64\jre\21.0.10-win32-x86_64\bin\net.dll
Event: 0.288 Loaded shared library C:\Users\Purva\.vscode\extensions\redhat.java-1.54.0-win32-x64\jre\21.0.10-win32-x86_64\bin\nio.dll
Event: 0.292 Loaded shared library C:\Users\Purva\.vscode\extensions\redhat.java-1.54.0-win32-x64\jre\21.0.10-win32-x86_64\bin\zip.dll
Event: 0.358 Loaded shared library C:\Users\Purva\.vscode\extensions\redhat.java-1.54.0-win32-x64\jre\21.0.10-win32-x86_64\bin\jimage.dll
Event: 0.763 Loaded shared library c:\Users\Purva\.vscode\extensions\redhat.java-1.54.0-win32-x64\jre\21.0.10-win32-x86_64\bin\verify.dll
Event: 16.597 Loaded shared library C:\Users\Purva\AppData\Roaming\Code\User\globalStorage\redhat.java\1.54.0\config_win\org.eclipse.equinox.launcher\org.eclipse.equinox.launcher.win32.win32.x86_64_1.3.0.v20260203-2149\eclipse_11919.dll
Event: 31.282 Loaded shared library C:\Users\Purva\AppData\Local\Temp\jna-77480536\jna2167039235648732323.dll
Event: 36.008 Loaded shared library C:\Users\Purva\.vscode\extensions\redhat.java-1.54.0-win32-x64\jre\21.0.10-win32-x86_64\bin\sunmscapi.dll
Event: 36.387 Loaded shared library C:\Users\Purva\.vscode\extensions\redhat.java-1.54.0-win32-x64\jre\21.0.10-win32-x86_64\bin\extnet.dll
Event: 40.018 Loaded shared library C:\Users\Purva\.gradle\native\660c5614fbf4a5f2a75b1949f50a0caf5cd603558e7d8a26e50b933a0cfb79d1\windows-amd64\native-platform.dll
Event: 45.458 Loaded shared library C:\Users\Purva\.vscode\extensions\redhat.java-1.54.0-win32-x64\jre\21.0.10-win32-x86_64\bin\management.dll
Event: 45.541 Loaded shared library C:\Users\Purva\.vscode\extensions\redhat.java-1.54.0-win32-x64\jre\21.0.10-win32-x86_64\bin\management_ext.dll

Deoptimization events (20 events):
Event: 2727.968 Thread 0x0000022bd02b22f0 DEOPT PACKING pc=0x0000022b810b852b sp=0x00000067166ff410
Event: 2727.969 Thread 0x0000022bd02b22f0 DEOPT UNPACKING pc=0x0000022b87584242 sp=0x00000067166fe8f8 mode 0
Event: 2936.741 Thread 0x0000022bff32dbf0 DEOPT PACKING pc=0x0000022b810b852b sp=0x00000067170ff460
Event: 2936.748 Thread 0x0000022bff32dbf0 DEOPT UNPACKING pc=0x0000022b87584242 sp=0x00000067170fe948 mode 0
Event: 3190.048 Thread 0x0000022bff32efa0 DEOPT PACKING pc=0x0000022b810b852b sp=0x00000067171ff1c0
Event: 3190.049 Thread 0x0000022bff32efa0 DEOPT UNPACKING pc=0x0000022b87584242 sp=0x00000067171fe6a8 mode 0
Event: 3466.502 Thread 0x0000022bff32fcc0 DEOPT PACKING pc=0x0000022b810b852b sp=0x00000067168ff0c0
Event: 3466.502 Thread 0x0000022bff32fcc0 DEOPT UNPACKING pc=0x0000022b87584242 sp=0x00000067168fe5a8 mode 0
Event: 3780.159 Thread 0x0000022bff331d90 DEOPT PACKING pc=0x0000022b810b852b sp=0x0000006716eff680
Event: 3780.167 Thread 0x0000022bff331d90 DEOPT UNPACKING pc=0x0000022b87584242 sp=0x0000006716efeb68 mode 0
Event: 4125.064 Thread 0x0000022bff332420 DEOPT PACKING pc=0x0000022b810b852b sp=0x00000067172ff540
Event: 4125.066 Thread 0x0000022bff332420 DEOPT UNPACKING pc=0x0000022b87584242 sp=0x00000067172fea28 mode 0
Event: 4534.676 Thread 0x0000022bff32e280 DEOPT PACKING pc=0x0000022b810b852b sp=0x0000006716fff460
Event: 4534.678 Thread 0x0000022bff32e280 DEOPT UNPACKING pc=0x0000022b87584242 sp=0x0000006716ffe948 mode 0
Event: 5151.472 Thread 0x0000022bd10d51a0 DEOPT PACKING pc=0x0000022b810b852b sp=0x00000067181ff610
Event: 5151.479 Thread 0x0000022bd10d51a0 DEOPT UNPACKING pc=0x0000022b87584242 sp=0x00000067181feaf8 mode 0
Event: 5943.581 Thread 0x0000022bd10d3760 DEOPT PACKING pc=0x0000022b810b852b sp=0x00000067182ff680
Event: 5943.583 Thread 0x0000022bd10d3760 DEOPT UNPACKING pc=0x0000022b87584242 sp=0x00000067182feb68 mode 0
Event: 7735.582 Thread 0x0000022bff3337d0 DEOPT PACKING pc=0x0000022b810b852b sp=0x00000067158ff0e0
Event: 7735.585 Thread 0x0000022bff3337d0 DEOPT UNPACKING pc=0x0000022b87584242 sp=0x00000067158fe5c8 mode 0

Classes loaded (20 events):
Event: 90.071 Loading class java/util/stream/ReduceOps$CountingSink done
Event: 90.071 Loading class java/util/stream/ReduceOps$CountingSink$OfRef done
Event: 90.072 Loading class java/util/stream/ReduceOps$1
Event: 90.073 Loading class java/util/stream/ReduceOps$1 done
Event: 90.073 Loading class java/util/stream/ReduceOps$1ReducingSink
Event: 90.073 Loading class java/util/stream/ReduceOps$1ReducingSink done
Event: 90.095 Loading class java/nio/file/InvalidPathException
Event: 90.095 Loading class java/nio/file/InvalidPathException done
Event: 90.141 Loading class java/io/SequenceInputStream
Event: 90.141 Loading class java/io/SequenceInputStream done
Event: 347.743 Loading class java/util/concurrent/ForkJoinTask$AdaptedCallable
Event: 347.743 Loading class java/util/concurrent/ForkJoinTask$AdaptedCallable done
Event: 347.745 Loading class java/util/stream/Nodes$CollectorTask$OfRef
Event: 347.745 Loading class java/util/stream/Nodes$CollectorTask
Event: 347.746 Loading class java/util/stream/Nodes$CollectorTask done
Event: 347.746 Loading class java/util/stream/Nodes$CollectorTask$OfRef done
Event: 347.746 Loading class java/util/stream/Nodes$ConcNode
Event: 347.746 Loading class java/util/stream/Nodes$AbstractConcNode
Event: 347.746 Loading class java/util/stream/Nodes$AbstractConcNode done
Event: 347.746 Loading class java/util/stream/Nodes$ConcNode done

Classes unloaded (10 events):
Event: 32.333 Thread 0x0000022bf0e9e590 Unloading class 0x0000022b901aac00 'java/lang/invoke/LambdaForm$MH+0x0000022b901aac00'
Event: 32.333 Thread 0x0000022bf0e9e590 Unloading class 0x0000022b901aa800 'java/lang/invoke/LambdaForm$MH+0x0000022b901aa800'
Event: 32.333 Thread 0x0000022bf0e9e590 Unloading class 0x0000022b901aa400 'java/lang/invoke/LambdaForm$MH+0x0000022b901aa400'
Event: 32.333 Thread 0x0000022bf0e9e590 Unloading class 0x0000022b901aa000 'java/lang/invoke/LambdaForm$MH+0x0000022b901aa000'
Event: 32.333 Thread 0x0000022bf0e9e590 Unloading class 0x0000022b901a9c00 'java/lang/invoke/LambdaForm$BMH+0x0000022b901a9c00'
Event: 32.333 Thread 0x0000022bf0e9e590 Unloading class 0x0000022b901a9800 'java/lang/invoke/LambdaForm$DMH+0x0000022b901a9800'
Event: 32.333 Thread 0x0000022bf0e9e590 Unloading class 0x0000022b901a8400 'java/lang/invoke/LambdaForm$DMH+0x0000022b901a8400'
Event: 35.282 Thread 0x0000022bf0e9e590 Unloading class 0x0000022b902ff000 'java/lang/invoke/LambdaForm$MH+0x0000022b902ff000'
Event: 35.282 Thread 0x0000022bf0e9e590 Unloading class 0x0000022b902fe400 'java/lang/invoke/LambdaForm$MH+0x0000022b902fe400'
Event: 35.282 Thread 0x0000022bf0e9e590 Unloading class 0x0000022b902fdc00 'java/lang/invoke/LambdaForm$MH+0x0000022b902fdc00'

Classes redefined (0 events):
No events

Internal exceptions (20 events):
Event: 52.583 Thread 0x0000022bd10d5830 Exception <a 'java/lang/NoSuchMethodError'{0x00000000d60c8898}: 'java.lang.Object java.lang.invoke.DirectMethodHandle$Holder.newInvokeSpecial(java.lang.Object, java.lang.Object, java.lang.Object, java.lang.Object, int)'> (0x00000000d60c8898) 
thrown [s\src\hotspot\share\interpreter\linkResolver.cpp, line 773]
Event: 52.584 Thread 0x0000022bd10d5830 Exception <a 'java/lang/NoSuchMethodError'{0x00000000d60cc940}: 'java.lang.Object java.lang.invoke.DirectMethodHandle$Holder.invokeSpecial(java.lang.Object, java.lang.Object, java.lang.Object, java.lang.Object, java.lang.Object, int)'> (0x00000000d60cc940) 
thrown [s\src\hotspot\share\interpreter\linkResolver.cpp, line 773]
Event: 52.584 Thread 0x0000022bd10d5830 Exception <a 'java/lang/NoSuchMethodError'{0x00000000d60daef8}: 'java.lang.Object java.lang.invoke.Invokers$Holder.linkToTargetMethod(java.lang.Object, java.lang.Object, java.lang.Object, int, java.lang.Object)'> (0x00000000d60daef8) 
thrown [s\src\hotspot\share\interpreter\linkResolver.cpp, line 773]
Event: 58.908 Thread 0x0000022bd10d5830 Exception <a 'java/lang/NoSuchMethodError'{0x00000000d6340a38}: 'void java.lang.invoke.DirectMethodHandle$Holder.invokeInterface(java.lang.Object, java.lang.Object, java.lang.Object, java.lang.Object)'> (0x00000000d6340a38) 
thrown [s\src\hotspot\share\interpreter\linkResolver.cpp, line 773]
Event: 89.398 Thread 0x0000022bd10d5830 Exception <a 'java/lang/NoSuchMethodError'{0x00000000d6407258}: static Lorg/gradle/tooling/internal/provider/serialization/ClassLoaderDetails;.<clinit>()V> (0x00000000d6407258) 
thrown [s\src\hotspot\share\prims\jni.cpp, line 1111]
Event: 89.400 Thread 0x0000022bd10d5830 Exception <a 'java/lang/NoSuchMethodError'{0x00000000d641cda0}: static Lorg/gradle/internal/classloader/ClassLoaderSpec;.<clinit>()V> (0x00000000d641cda0) 
thrown [s\src\hotspot\share\prims\jni.cpp, line 1111]
Event: 89.401 Thread 0x0000022bd10d5830 Exception <a 'java/lang/NoSuchMethodError'{0x00000000d642c978}: static Lorg/gradle/tooling/internal/provider/serialization/WellKnownClassLoaderRegistry$KnownClassLoaderSpec;.<clinit>()V> (0x00000000d642c978) 
thrown [s\src\hotspot\share\prims\jni.cpp, line 1111]
Event: 89.404 Thread 0x0000022bd10d5830 Exception <a 'java/lang/NoSuchMethodError'{0x00000000d644cc18}: static Lorg/gradle/internal/classloader/ClassLoaderSpec;.<clinit>()V> (0x00000000d644cc18) 
thrown [s\src\hotspot\share\prims\jni.cpp, line 1111]
Event: 89.405 Thread 0x0000022bd10d5830 Exception <a 'java/lang/NoSuchMethodError'{0x00000000d645e048}: static Lorg/gradle/internal/classloader/VisitableURLClassLoader$Spec;.<clinit>()V> (0x00000000d645e048) 
thrown [s\src\hotspot\share\prims\jni.cpp, line 1111]
Event: 89.700 Thread 0x0000022bd10d5830 Exception <a 'java/lang/NoSuchMethodError'{0x00000000d5a14c80}: static Lorg/gradle/plugins/ide/internal/tooling/model/DefaultGradleProject;.<clinit>()V> (0x00000000d5a14c80) 
thrown [s\src\hotspot\share\prims\jni.cpp, line 1111]
Event: 89.703 Thread 0x0000022bd10d5830 Exception <a 'java/lang/NoSuchMethodError'{0x00000000d5a29248}: static Lorg/gradle/plugins/ide/internal/tooling/model/DefaultGradleScript;.<clinit>()V> (0x00000000d5a29248) 
thrown [s\src\hotspot\share\prims\jni.cpp, line 1111]
Event: 89.706 Thread 0x0000022bd10d5830 Exception <a 'java/lang/NoSuchMethodError'{0x00000000d5a45928}: static [Ljava/lang/Object;.<clinit>()V> (0x00000000d5a45928) 
thrown [s\src\hotspot\share\prims\jni.cpp, line 1111]
Event: 89.769 Thread 0x0000022bd10d5830 Exception <a 'java/lang/NoSuchMethodError'{0x00000000d5b59dd0}: static Lorg/gradle/tooling/internal/gradle/DefaultProjectIdentifier;.<clinit>()V> (0x00000000d5b59dd0) 
thrown [s\src\hotspot\share\prims\jni.cpp, line 1111]
Event: 89.775 Thread 0x0000022bd10d5830 Exception <a 'java/lang/NoSuchMethodError'{0x00000000d5b683d8}: static Lorg/gradle/tooling/internal/gradle/DefaultBuildIdentifier;.<clinit>()V> (0x00000000d5b683d8) 
thrown [s\src\hotspot\share\prims\jni.cpp, line 1111]
Event: 89.782 Thread 0x0000022bd10d5830 Exception <a 'java/lang/NoSuchMethodError'{0x00000000d5baafb8}: static Lorg/gradle/plugins/ide/internal/tooling/model/LaunchableGradleTask;.<clinit>()V> (0x00000000d5baafb8) 
thrown [s\src\hotspot\share\prims\jni.cpp, line 1111]
Event: 89.784 Thread 0x0000022bd10d5830 Exception <a 'java/lang/NoSuchMethodError'{0x00000000d5bb0ba8}: static Lorg/gradle/plugins/ide/internal/tooling/model/LaunchableGradleProjectTask;.<clinit>()V> (0x00000000d5bb0ba8) 
thrown [s\src\hotspot\share\prims\jni.cpp, line 1111]
Event: 90.100 Thread 0x0000022bfecdc700 Exception <a 'java/lang/NoSuchMethodError'{0x00000000d5f2c0d8}: 'java.lang.Object java.lang.invoke.DirectMethodHandle$Holder.invokeStatic(java.lang.Object, java.lang.Object, int, java.lang.Object)'> (0x00000000d5f2c0d8) 
thrown [s\src\hotspot\share\interpreter\linkResolver.cpp, line 773]
Event: 90.272 Thread 0x0000022bfecdc700 Exception <a 'java/io/FileNotFoundException'{0x00000000d61d0720}> (0x00000000d61d0720) 
thrown [s\src\hotspot\share\prims\jni.cpp, line 520]
Event: 90.272 Thread 0x0000022bfecdc700 Exception <a 'java/io/FileNotFoundException'{0x00000000d61d1488}> (0x00000000d61d1488) 
thrown [s\src\hotspot\share\prims\jni.cpp, line 520]
Event: 347.771 Thread 0x0000022bfecdc700 Exception <a 'java/lang/NoSuchMethodError'{0x00000000d63925a0}: 'java.lang.Object java.lang.invoke.DirectMethodHandle$Holder.newInvokeSpecial(java.lang.Object, java.lang.Object, java.lang.Object, java.lang.Object, java.lang.Object, java.lang.Object, java.lang.Object, java.lang.Object)'> (0x00000000d63925a0) 
thrown [s\src\hotspot\share\interpreter\linkResolver.cpp, line 773]

ZGC Phase Switch (0 events):
No events

VM Operations (20 events):
Event: 9261.289 Executing non-safepoint VM operation: HandshakeAllThreads (HandshakeForDeflation)
Event: 9261.289 Executing non-safepoint VM operation: HandshakeAllThreads (HandshakeForDeflation) done
Event: 9261.289 Executing non-safepoint VM operation: RendezvousGCThreads
Event: 9261.289 Executing non-safepoint VM operation: RendezvousGCThreads done
Event: 9381.620 Executing non-safepoint VM operation: HandshakeAllThreads (HandshakeForDeflation)
Event: 9381.620 Executing non-safepoint VM operation: HandshakeAllThreads (HandshakeForDeflation) done
Event: 9381.620 Executing non-safepoint VM operation: RendezvousGCThreads
Event: 9381.620 Executing non-safepoint VM operation: RendezvousGCThreads done
Event: 9501.837 Executing non-safepoint VM operation: HandshakeAllThreads (HandshakeForDeflation)
Event: 9501.837 Executing non-safepoint VM operation: HandshakeAllThreads (HandshakeForDeflation) done
Event: 9501.837 Executing non-safepoint VM operation: RendezvousGCThreads
Event: 9501.837 Executing non-safepoint VM operation: RendezvousGCThreads done
Event: 9561.958 Executing non-safepoint VM operation: HandshakeAllThreads (HandshakeForDeflation)
Event: 9561.958 Executing non-safepoint VM operation: HandshakeAllThreads (HandshakeForDeflation) done
Event: 9561.958 Executing non-safepoint VM operation: RendezvousGCThreads
Event: 9561.958 Executing non-safepoint VM operation: RendezvousGCThreads done
Event: 9621.979 Executing non-safepoint VM operation: HandshakeAllThreads (HandshakeForDeflation)
Event: 9621.979 Executing non-safepoint VM operation: HandshakeAllThreads (HandshakeForDeflation) done
Event: 9621.979 Executing non-safepoint VM operation: RendezvousGCThreads
Event: 9621.979 Executing non-safepoint VM operation: RendezvousGCThreads done

Memory protections (0 events):
No events

Nmethod flushes (20 events):
Event: 45.601 Thread 0x0000022bf0e9e590 flushing  nmethod 0x0000022b808af490
Event: 45.601 Thread 0x0000022bf0e9e590 flushing  nmethod 0x0000022b808afc90
Event: 45.601 Thread 0x0000022bf0e9e590 flushing  nmethod 0x0000022b808b8d10
Event: 45.601 Thread 0x0000022bf0e9e590 flushing  nmethod 0x0000022b808ba090
Event: 45.601 Thread 0x0000022bf0e9e590 flushing  nmethod 0x0000022b808c1e10
Event: 45.601 Thread 0x0000022bf0e9e590 flushing  nmethod 0x0000022b808c4510
Event: 45.601 Thread 0x0000022bf0e9e590 flushing  nmethod 0x0000022b808c7710
Event: 45.601 Thread 0x0000022bf0e9e590 flushing  nmethod 0x0000022b808c8f90
Event: 45.601 Thread 0x0000022bf0e9e590 flushing  nmethod 0x0000022b808c9690
Event: 45.601 Thread 0x0000022bf0e9e590 flushing  nmethod 0x0000022b808cc890
Event: 45.601 Thread 0x0000022bf0e9e590 flushing  nmethod 0x0000022b808ce910
Event: 45.601 Thread 0x0000022bf0e9e590 flushing  nmethod 0x0000022b808d4890
Event: 45.601 Thread 0x0000022bf0e9e590 flushing  nmethod 0x0000022b808d5590
Event: 45.601 Thread 0x0000022bf0e9e590 flushing  nmethod 0x0000022b808d9a90
Event: 45.601 Thread 0x0000022bf0e9e590 flushing  nmethod 0x0000022b808e0d90
Event: 45.601 Thread 0x0000022bf0e9e590 flushing  nmethod 0x0000022b808ed810
Event: 45.601 Thread 0x0000022bf0e9e590 flushing  nmethod 0x0000022b80907c10
Event: 45.601 Thread 0x0000022bf0e9e590 flushing  nmethod 0x0000022b80908090
Event: 45.601 Thread 0x0000022bf0e9e590 flushing  nmethod 0x0000022b8092fa90
Event: 45.601 Thread 0x0000022bf0e9e590 flushing  nmethod 0x0000022b80991a10

Events (20 events):
Event: 113.842 Thread 0x0000022bd10d6be0 Thread exited: 0x0000022bd10d6be0
Event: 113.850 Thread 0x0000022bff333140 Thread exited: 0x0000022bff333140
Event: 114.094 Thread 0x0000022bd10d6550 Thread exited: 0x0000022bd10d6550
Event: 114.094 Thread 0x0000022bd10d1d20 Thread exited: 0x0000022bd10d1d20
Event: 114.102 Thread 0x0000022bd10d7270 Thread exited: 0x0000022bd10d7270
Event: 114.512 Thread 0x0000022bd10d4480 Thread exited: 0x0000022bd10d4480
Event: 114.512 Thread 0x0000022bd10d3df0 Thread exited: 0x0000022bd10d3df0
Event: 114.531 Thread 0x0000022bfecde140 Thread exited: 0x0000022bfecde140
Event: 114.531 Thread 0x0000022bff3344f0 Thread exited: 0x0000022bff3344f0
Event: 114.531 Thread 0x0000022bfecdc070 Thread exited: 0x0000022bfecdc070
Event: 114.531 Thread 0x0000022bfecdd420 Thread exited: 0x0000022bfecdd420
Event: 114.532 Thread 0x0000022bd02b2980 Thread exited: 0x0000022bd02b2980
Event: 174.531 Thread 0x0000022bd10d1690 Thread exited: 0x0000022bd10d1690
Event: 234.532 Thread 0x0000022bff333e60 Thread exited: 0x0000022bff333e60
Event: 347.743 Thread 0x0000022bfecdc700 Thread added: 0x0000022bd10d6be0
Event: 347.747 Thread 0x0000022bd10d6be0 Thread exited: 0x0000022bd10d6be0
Event: 347.758 Thread 0x0000022bfecdc700 Thread added: 0x0000022bd10d6be0
Event: 347.760 Thread 0x0000022bd10d6be0 Thread exited: 0x0000022bd10d6be0
Event: 776.265 Thread 0x0000022bff32d560 Thread added: 0x0000022bd10d7f90
Event: 836.339 Thread 0x0000022bd10d7f90 Thread exited: 0x0000022bd10d7f90


Dynamic libraries:
0x00007ff7713f0000 - 0x00007ff7713fe000 	c:\Users\Purva\.vscode\extensions\redhat.java-1.54.0-win32-x64\jre\21.0.10-win32-x86_64\bin\java.exe
0x00007ffa093f0000 - 0x00007ffa095e8000 	C:\WINDOWS\SYSTEM32\ntdll.dll
0x00007ffa08c00000 - 0x00007ffa08cc2000 	C:\WINDOWS\System32\KERNEL32.DLL
0x00007ffa06e50000 - 0x00007ffa07146000 	C:\WINDOWS\System32\KERNELBASE.dll
0x00007ffa06cc0000 - 0x00007ffa06dc0000 	C:\WINDOWS\System32\ucrtbase.dll
0x00007ff9f4c30000 - 0x00007ff9f4c48000 	c:\Users\Purva\.vscode\extensions\redhat.java-1.54.0-win32-x64\jre\21.0.10-win32-x86_64\bin\jli.dll
0x00007ffa08530000 - 0x00007ffa086d1000 	C:\WINDOWS\System32\USER32.dll
0x00007ffa072c0000 - 0x00007ffa072e2000 	C:\WINDOWS\System32\win32u.dll
0x00007ffa07b00000 - 0x00007ffa07b2b000 	C:\WINDOWS\System32\GDI32.dll
0x00007ffa072f0000 - 0x00007ffa07409000 	C:\WINDOWS\System32\gdi32full.dll
0x00007ffa07150000 - 0x00007ffa071ed000 	C:\WINDOWS\System32\msvcp_win.dll
0x00007ff9f4940000 - 0x00007ff9f495e000 	c:\Users\Purva\.vscode\extensions\redhat.java-1.54.0-win32-x64\jre\21.0.10-win32-x86_64\bin\VCRUNTIME140.dll
0x00007ff9f0b90000 - 0x00007ff9f0e2b000 	C:\WINDOWS\WinSxS\amd64_microsoft.windows.common-controls_6595b64144ccf1df_6.0.19041.6456_none_60b8a6cb71f64256\COMCTL32.dll
0x00007ffa08a90000 - 0x00007ffa08b2e000 	C:\WINDOWS\System32\msvcrt.dll
0x00007ffa08eb0000 - 0x00007ffa08edf000 	C:\WINDOWS\System32\IMM32.DLL
0x00007ff9fd010000 - 0x00007ff9fd01c000 	c:\Users\Purva\.vscode\extensions\redhat.java-1.54.0-win32-x64\jre\21.0.10-win32-x86_64\bin\vcruntime140_1.dll
0x00007ff9d78c0000 - 0x00007ff9d794d000 	c:\Users\Purva\.vscode\extensions\redhat.java-1.54.0-win32-x64\jre\21.0.10-win32-x86_64\bin\msvcp140.dll
0x00007ff9b9850000 - 0x00007ff9ba5f1000 	c:\Users\Purva\.vscode\extensions\redhat.java-1.54.0-win32-x64\jre\21.0.10-win32-x86_64\bin\server\jvm.dll
0x00007ffa08df0000 - 0x00007ffa08ea1000 	C:\WINDOWS\System32\ADVAPI32.dll
0x00007ffa07ca0000 - 0x00007ffa07d3f000 	C:\WINDOWS\System32\sechost.dll
0x00007ffa07780000 - 0x00007ffa078a0000 	C:\WINDOWS\System32\RPCRT4.dll
0x00007ffa06a80000 - 0x00007ffa06aa7000 	C:\WINDOWS\System32\bcrypt.dll
0x00007ffa089c0000 - 0x00007ffa08a2b000 	C:\WINDOWS\System32\WS2_32.dll
0x00007ffa068e0000 - 0x00007ffa0692b000 	C:\WINDOWS\SYSTEM32\POWRPROF.dll
0x00007ff9eb3f0000 - 0x00007ff9eb417000 	C:\WINDOWS\SYSTEM32\WINMM.dll
0x00007ff9fd130000 - 0x00007ff9fd13a000 	C:\WINDOWS\SYSTEM32\VERSION.dll
0x00007ffa06810000 - 0x00007ffa06822000 	C:\WINDOWS\SYSTEM32\UMPDC.dll
0x00007ffa048b0000 - 0x00007ffa048c2000 	C:\WINDOWS\SYSTEM32\kernel.appcore.dll
0x00007ff9fc9c0000 - 0x00007ff9fc9ca000 	c:\Users\Purva\.vscode\extensions\redhat.java-1.54.0-win32-x64\jre\21.0.10-win32-x86_64\bin\jimage.dll
0x00007ffa00cc0000 - 0x00007ffa00ec1000 	C:\WINDOWS\SYSTEM32\DBGHELP.DLL
0x00007ff9f0060000 - 0x00007ff9f0094000 	C:\WINDOWS\SYSTEM32\dbgcore.DLL
0x00007ffa06dc0000 - 0x00007ffa06e42000 	C:\WINDOWS\System32\bcryptPrimitives.dll
0x00007ff9fef10000 - 0x00007ff9fef1f000 	c:\Users\Purva\.vscode\extensions\redhat.java-1.54.0-win32-x64\jre\21.0.10-win32-x86_64\bin\instrument.dll
0x00007ff9f2c60000 - 0x00007ff9f2c80000 	c:\Users\Purva\.vscode\extensions\redhat.java-1.54.0-win32-x64\jre\21.0.10-win32-x86_64\bin\java.dll
0x00007ffa07dc0000 - 0x00007ffa08530000 	C:\WINDOWS\System32\SHELL32.dll
0x00007ffa04ab0000 - 0x00007ffa05255000 	C:\WINDOWS\SYSTEM32\windows.storage.dll
0x00007ffa07410000 - 0x00007ffa07764000 	C:\WINDOWS\System32\combase.dll
0x00007ffa062f0000 - 0x00007ffa0631b000 	C:\WINDOWS\SYSTEM32\Wldp.dll
0x00007ffa08b30000 - 0x00007ffa08bfd000 	C:\WINDOWS\System32\OLEAUT32.dll
0x00007ffa07950000 - 0x00007ffa079fd000 	C:\WINDOWS\System32\SHCORE.dll
0x00007ffa07be0000 - 0x00007ffa07c3b000 	C:\WINDOWS\System32\shlwapi.dll
0x00007ffa069b0000 - 0x00007ffa069d4000 	C:\WINDOWS\SYSTEM32\profapi.dll
0x00007ff9f02c0000 - 0x00007ff9f02d8000 	c:\Users\Purva\.vscode\extensions\redhat.java-1.54.0-win32-x64\jre\21.0.10-win32-x86_64\bin\zip.dll
0x00007ff9f9270000 - 0x00007ff9f9280000 	C:\Users\Purva\.vscode\extensions\redhat.java-1.54.0-win32-x64\jre\21.0.10-win32-x86_64\bin\net.dll
0x00007ff9f25d0000 - 0x00007ff9f26da000 	C:\WINDOWS\SYSTEM32\WINHTTP.dll
0x00007ffa060d0000 - 0x00007ffa0613a000 	C:\WINDOWS\system32\mswsock.dll
0x00007ff9f02a0000 - 0x00007ff9f02b6000 	C:\Users\Purva\.vscode\extensions\redhat.java-1.54.0-win32-x64\jre\21.0.10-win32-x86_64\bin\nio.dll
0x00007ff9fced0000 - 0x00007ff9fcee0000 	c:\Users\Purva\.vscode\extensions\redhat.java-1.54.0-win32-x64\jre\21.0.10-win32-x86_64\bin\verify.dll
0x00007ff9f4970000 - 0x00007ff9f49b5000 	C:\Users\Purva\AppData\Roaming\Code\User\globalStorage\redhat.java\1.54.0\config_win\org.eclipse.equinox.launcher\org.eclipse.equinox.launcher.win32.win32.x86_64_1.3.0.v20260203-2149\eclipse_11919.dll
0x00007ffa08890000 - 0x00007ffa089bb000 	C:\WINDOWS\System32\ole32.dll
0x00007ffa066d0000 - 0x00007ffa066e8000 	C:\WINDOWS\SYSTEM32\CRYPTSP.dll
0x00007ffa05a10000 - 0x00007ffa05a48000 	C:\WINDOWS\system32\rsaenh.dll
0x00007ffa06930000 - 0x00007ffa0695e000 	C:\WINDOWS\SYSTEM32\USERENV.dll
0x00007ffa06260000 - 0x00007ffa0626c000 	C:\WINDOWS\SYSTEM32\CRYPTBASE.dll
0x00007ffa05dd0000 - 0x00007ffa05e0b000 	C:\WINDOWS\SYSTEM32\IPHLPAPI.DLL
0x00007ffa07770000 - 0x00007ffa07778000 	C:\WINDOWS\System32\NSI.dll
0x00007ff9d5080000 - 0x00007ff9d50c9000 	C:\Users\Purva\AppData\Local\Temp\jna-77480536\jna2167039235648732323.dll
0x00007ffa07bd0000 - 0x00007ffa07bd8000 	C:\WINDOWS\System32\PSAPI.DLL
0x00007ff9f33a0000 - 0x00007ff9f33b7000 	C:\WINDOWS\SYSTEM32\dhcpcsvc6.DLL
0x00007ff9f3ab0000 - 0x00007ff9f3acd000 	C:\WINDOWS\SYSTEM32\dhcpcsvc.DLL
0x00007ff9f4ae0000 - 0x00007ff9f4aee000 	C:\Users\Purva\.vscode\extensions\redhat.java-1.54.0-win32-x64\jre\21.0.10-win32-x86_64\bin\sunmscapi.dll
0x00007ffa06ab0000 - 0x00007ffa06c0d000 	C:\WINDOWS\System32\CRYPT32.dll
0x00007ffa063d0000 - 0x00007ffa063f7000 	C:\WINDOWS\SYSTEM32\ncrypt.dll
0x00007ffa06320000 - 0x00007ffa0635b000 	C:\WINDOWS\SYSTEM32\NTASN1.dll
0x00007ffa05e10000 - 0x00007ffa05eda000 	C:\WINDOWS\SYSTEM32\DNSAPI.dll
0x00007ff9f1dc0000 - 0x00007ff9f1dca000 	C:\Windows\System32\rasadhlp.dll
0x00007ff9f18e0000 - 0x00007ff9f1960000 	C:\WINDOWS\System32\fwpuclnt.dll
0x00007ff9f4930000 - 0x00007ff9f4939000 	C:\Users\Purva\.vscode\extensions\redhat.java-1.54.0-win32-x64\jre\21.0.10-win32-x86_64\bin\extnet.dll
0x00007ff9f50b0000 - 0x00007ff9f50d7000 	C:\Users\Purva\.gradle\native\660c5614fbf4a5f2a75b1949f50a0caf5cd603558e7d8a26e50b933a0cfb79d1\windows-amd64\native-platform.dll
0x00007ff9fdd20000 - 0x00007ff9fdd2a000 	C:\Users\Purva\.vscode\extensions\redhat.java-1.54.0-win32-x64\jre\21.0.10-win32-x86_64\bin\management.dll
0x00007ff9fcec0000 - 0x00007ff9fcecc000 	C:\Users\Purva\.vscode\extensions\redhat.java-1.54.0-win32-x64\jre\21.0.10-win32-x86_64\bin\management_ext.dll
0x00007ff9fe8c0000 - 0x00007ff9fe8c7000 	C:\WINDOWS\system32\wshunix.dll

JVMTI agents:
c:\Users\Purva\.vscode\extensions\redhat.java-1.54.0-win32-x64\lombok\lombok-1.18.39-4050.jar path:c:\Users\Purva\.vscode\extensions\redhat.java-1.54.0-win32-x64\jre\21.0.10-win32-x86_64\bin\instrument.dll, loaded, initialized, instrumentlib options:none

dbghelp: loaded successfully - version: 4.0.5 - missing functions: none
symbol engine: initialized successfully - sym options: 0x614 - pdb path: .;c:\Users\Purva\.vscode\extensions\redhat.java-1.54.0-win32-x64\jre\21.0.10-win32-x86_64\bin;C:\WINDOWS\SYSTEM32;C:\WINDOWS\WinSxS\amd64_microsoft.windows.common-controls_6595b64144ccf1df_6.0.19041.6456_none_60b8a6cb71f64256;c:\Users\Purva\.vscode\extensions\redhat.java-1.54.0-win32-x64\jre\21.0.10-win32-x86_64\bin\server;C:\Users\Purva\AppData\Roaming\Code\User\globalStorage\redhat.java\1.54.0\config_win\org.eclipse.equinox.launcher\org.eclipse.equinox.launcher.win32.win32.x86_64_1.3.0.v20260203-2149;C:\Users\Purva\AppData\Local\Temp\jna-77480536;C:\Users\Purva\.gradle\native\660c5614fbf4a5f2a75b1949f50a0caf5cd603558e7d8a26e50b933a0cfb79d1\windows-amd64

VM Arguments:
jvm_args: --add-modules=ALL-SYSTEM --add-opens=java.base/java.util=ALL-UNNAMED --add-opens=java.base/java.lang=ALL-UNNAMED --add-opens=java.base/sun.nio.fs=ALL-UNNAMED -Declipse.application=org.eclipse.jdt.ls.core.id1 -Dosgi.bundles.defaultStartLevel=4 -Declipse.product=org.eclipse.jdt.ls.core.product -Djava.import.generatesMetadataFilesAtProjectRoot=false -DDetectVMInstallationsJob.disabled=true -Dfile.encoding=utf8 -XX:+UseParallelGC -XX:GCTimeRatio=4 -XX:AdaptiveSizePolicyWeight=90 -Dsun.zip.disableMemoryMapping=true -Xmx2G -Xms100m -Xlog:disable -javaagent:c:\Users\Purva\.vscode\extensions\redhat.java-1.54.0-win32-x64\lombok\lombok-1.18.39-4050.jar -XX:+HeapDumpOnOutOfMemoryError -XX:HeapDumpPath=c:\Users\Purva\AppData\Roaming\Code\User\workspaceStorage\3365d4dc88d67bdd00b2d8a6de014e21\redhat.java -Daether.dependencyCollector.impl=bf 
java_command: c:\Users\Purva\.vscode\extensions\redhat.java-1.54.0-win32-x64\server\plugins\org.eclipse.equinox.launcher_1.7.100.v20251111-0406.jar -configuration c:\Users\Purva\AppData\Roaming\Code\User\globalStorage\redhat.java\1.54.0\config_win -data c:\Users\Purva\AppData\Roaming\Code\User\workspaceStorage\3365d4dc88d67bdd00b2d8a6de014e21\redhat.java\jdt_ws --pipe=\\.\pipe\lsp-62c2dc7c21ca95b3ff6fdf3f80c2381c-sock
java_class_path (initial): c:\Users\Purva\.vscode\extensions\redhat.java-1.54.0-win32-x64\server\plugins\org.eclipse.equinox.launcher_1.7.100.v20251111-0406.jar
Launcher Type: SUN_STANDARD

[Global flags]
    uintx AdaptiveSizePolicyWeight                 = 90                                        {product} {command line}
     intx CICompilerCount                          = 3                                         {product} {ergonomic}
    uintx GCTimeRatio                              = 4                                         {product} {command line}
     bool HeapDumpOnOutOfMemoryError               = true                                   {manageable} {command line}
    ccstr HeapDumpPath                             = c:\Users\Purva\AppData\Roaming\Code\User\workspaceStorage\3365d4dc88d67bdd00b2d8a6de014e21\redhat.java         {manageable} {command line}
   size_t InitialHeapSize                          = 104857600                                 {product} {command line}
   size_t MaxHeapSize                              = 2147483648                                {product} {command line}
   size_t MaxNewSize                               = 715653120                                 {product} {ergonomic}
   size_t MinHeapDeltaBytes                        = 524288                                    {product} {ergonomic}
   size_t MinHeapSize                              = 104857600                                 {product} {command line}
   size_t NewSize                                  = 34603008                                  {product} {ergonomic}
    uintx NonNMethodCodeHeapSize                   = 5832780                                {pd product} {ergonomic}
    uintx NonProfiledCodeHeapSize                  = 122912730                              {pd product} {ergonomic}
   size_t OldSize                                  = 70254592                                  {product} {ergonomic}
    uintx ProfiledCodeHeapSize                     = 122912730                              {pd product} {ergonomic}
    uintx ReservedCodeCacheSize                    = 251658240                              {pd product} {ergonomic}
     bool SegmentedCodeCache                       = true                                      {product} {ergonomic}
   size_t SoftMaxHeapSize                          = 2147483648                             {manageable} {ergonomic}
     bool UseCompressedOops                        = true                           {product lp64_product} {ergonomic}
     bool UseLargePagesIndividualAllocation        = false                                  {pd product} {ergonomic}
     bool UseParallelGC                            = true                                      {product} {command line}

Logging:
Log output configuration:
 #0: stdout all=off uptime,level,tags foldmultilines=false
 #1: stderr all=off uptime,level,tags foldmultilines=false

Release file:
JAVA_VERSION="21.0.10" 
MODULES="java.base java.compiler java.datatransfer java.xml java.prefs java.desktop java.instrument java.logging java.management java.security.sasl java.naming java.rmi java.management.rmi java.net.http java.scripting java.security.jgss java.transaction.xa java.sql java.sql.rowset java.xml.crypto java.se java.smartcardio jdk.accessibility jdk.internal.jvmstat jdk.attach jdk.charsets jdk.internal.opt jdk.zipfs jdk.compiler jdk.crypto.ec jdk.crypto.cryptoki jdk.crypto.mscapi jdk.dynalink jdk.internal.ed jdk.editpad jdk.hotspot.agent jdk.httpserver jdk.internal.le jdk.internal.vm.ci jdk.internal.vm.compiler jdk.internal.vm.compiler.management jdk.jartool jdk.javadoc jdk.jcmd jdk.management jdk.management.agent jdk.jconsole jdk.jdeps jdk.jdwp.agent jdk.jdi jdk.jfr jdk.jshell jdk.jsobject jdk.jstatd jdk.localedata jdk.management.jfr jdk.naming.dns jdk.naming.rmi jdk.net jdk.nio.mapmode jdk.random jdk.sctp jdk.security.auth jdk.security.jgss jdk.unsupported jdk.unsupported.desktop jdk.xml.dom" 

Environment Variables:
JAVA_HOME=C:\Program Files\Java\jdk1.8.0_131
PATH=C:\Users\Purva\AppData\Local\Programs\Microsoft VS Code;C:\Program Files (x86)\Common Files\Oracle\Java\java8path;C:\Program Files (x86)\Common Files\Oracle\Java\javapath;C:\xampp\php;C:\Program Files\Java\jdk1.8.0_131\bin;C:\Users\Purva\AppData\Local\Programs\Python\Python312\Scripts\;C:\Users\Purva\AppData\Local\Programs\Python\Python312\;C:\WINDOWS\system32;C:\WINDOWS;C:\WINDOWS\System32\Wbem;C:\WINDOWS\System32\WindowsPowerShell\v1.0\;C:\WINDOWS\System32\OpenSSH\;C:\Program Files\MySQL\MySQL Server 5.5\bin;C:\Program Files\nodejs\;C:\ProgramData\chocolatey\bin;C:\Program Files\Cloudflare\Cloudflare WARP\;C:\Users\Purva\Downloads\opencv\build\bin;C:\Users\Purva\AppData\Local\Programs\Python\Python312\;C:\Program Files\dotnet\;C:\Program Files\Git\cmd;;C:\Program Files\Docker\Docker\resources\bin;C:\Users\Purva\AppData\Local\Programs\Python\Python311\Scripts\;C:\Users\Purva\AppData\Local\Programs\Python\Python311\;C:\Users\Purva\AppData\Local\Programs\Python\Launcher\;C:\Users\Purva\AppData\Local\Microsoft\WindowsApps;C:\Users\Purva\AppData\Local\Programs\Microsoft VS Code\bin;C:\Users\Purva\AppData\Local\Microsoft\WinGet\Packages\Schniz.fnm_Microsoft.Winget.Source_8wekyb3d8bbwe;C:\Users\Purva\AppData\Roaming\npm;C:\Users\Purva\AppData\Local\Muse Hub\lib;C:\Users\Purva\AppData\Local\GitHubDesktop\bin
USERNAME=Purva
OS=Windows_NT
PROCESSOR_IDENTIFIER=Intel64 Family 6 Model 142 Stepping 9, GenuineIntel
TMP=C:\Users\Purva\AppData\Local\Temp
TEMP=C:\Users\Purva\AppData\Local\Temp




Periodic native trim disabled

---------------  S Y S T E M  ---------------

OS:
 Windows 10 , 64 bit Build 19041 (10.0.19041.5915)
OS uptime: 1 days 19:51 hours
Hyper-V role detected

CPU: total 4 (initial active 4) (2 cores per cpu, 2 threads per core) family 6 model 142 stepping 9 microcode 0xde, cx8, cmov, fxsr, ht, mmx, 3dnowpref, sse, sse2, sse3, ssse3, sse4.1, sse4.2, popcnt, lzcnt, tsc, tscinvbit, avx, avx2, aes, erms, clmul, bmi1, bmi2, adx, fma, vzeroupper, clflush, clflushopt, hv, rdtscp, f16c
Processor Information for the first 4 processors :
  Max Mhz: 2904, Current Mhz: 2703, Mhz Limit: 2700

Memory: 4k page, system-wide physical 8085M (222M free)
TotalPageFile size 20584M (AvailPageFile size 3M)
current process WorkingSet (physical memory assigned to process): 9M, peak: 289M
current process commit charge ("private bytes"): 361M, peak: 375M

vm_info: OpenJDK 64-Bit Server VM (21.0.10+7-LTS) for windows-amd64 JRE (21.0.10+7-LTS), built on 2026-01-20T00:00:00Z by "admin" with MS VC++ 17.12 (VS2022)

END.
