#
# There is insufficient memory for the Java Runtime Environment to continue.
# Native memory allocation (mmap) failed to map 65536 bytes. Error detail: Failed to commit metaspace.
# Possible reasons:
#   The system is out of physical RAM or swap space
#   This process is running with CompressedOops enabled, and the Java Heap may be blocking the growth of the native heap
# Possible solutions:
#   Reduce memory load on the system
#   Increase physical memory or swap space
#   Check if swap backing store is full
#   Decrease Java heap size (-Xmx/-Xms)
#   Decrease number of Java threads
#   Decrease Java thread stack sizes (-Xss)
#   Set larger code cache with -XX:ReservedCodeCacheSize=
#   JVM is running with Unscaled Compressed Oops mode in which the Java heap is
#     placed in the first 4GB address space. The Java Heap base address is the
#     maximum limit for the native heap growth. Please use -XX:HeapBaseMinAddress
#     to set the Java Heap base and to place the Java Heap above 4GB virtual address.
# This output file may be truncated or incomplete.
#
#  Out of Memory Error (virtualSpaceNode.cpp:113), pid=20536, tid=8136
#
# JRE version: OpenJDK Runtime Environment Temurin-21.0.10+7 (21.0.10+7) (build 21.0.10+7-LTS)
# Java VM: OpenJDK 64-Bit Server VM Temurin-21.0.10+7 (21.0.10+7-LTS, mixed mode, sharing, tiered, compressed oops, compressed class ptrs, parallel gc, windows-amd64)
# No core dump will be written. Minidumps are not enabled by default on client versions of Windows
#

---------------  S U M M A R Y ------------

Command Line: --add-modules=ALL-SYSTEM --add-opens=java.base/java.util=ALL-UNNAMED --add-opens=java.base/java.lang=ALL-UNNAMED --add-opens=java.base/sun.nio.fs=ALL-UNNAMED -Declipse.application=org.eclipse.jdt.ls.core.id1 -Dosgi.bundles.defaultStartLevel=4 -Declipse.product=org.eclipse.jdt.ls.core.product -Djava.import.generatesMetadataFilesAtProjectRoot=false -DDetectVMInstallationsJob.disabled=true -Dfile.encoding=utf8 -XX:+UseParallelGC -XX:GCTimeRatio=4 -XX:AdaptiveSizePolicyWeight=90 -Dsun.zip.disableMemoryMapping=true -Xmx2G -Xms100m -Xlog:disable -javaagent:c:\Users\Purva\.vscode\extensions\redhat.java-1.54.0-win32-x64\lombok\lombok-1.18.39-4050.jar c:\Users\Purva\.vscode\extensions\redhat.java-1.54.0-win32-x64\server\plugins\org.eclipse.equinox.launcher_1.7.100.v20251111-0406.jar -configuration c:\Users\Purva\AppData\Roaming\Code\User\globalStorage\redhat.java\1.54.0\config_ss_win -data c:\Users\Purva\AppData\Roaming\Code\User\workspaceStorage\3365d4dc88d67bdd00b2d8a6de014e21\redhat.java\ss_ws --pipe=\\.\pipe\lsp-279e7d46bd71bf0d0829a797aa466295-sock

Host: Intel(R) Core(TM) i7-7500U CPU @ 2.70GHz, 4 cores, 7G,  Windows 10 , 64 bit Build 19041 (10.0.19041.5915)
Time: Sat Apr 25 14:17:28 2026 India Standard Time elapsed time: 9.233846 seconds (0d 0h 0m 9s)

---------------  T H R E A D  ---------------

Current thread (0x000001d362c20760):  JavaThread "main"             [_thread_in_vm, id=8136, stack(0x00000058e0000000,0x00000058e0100000) (1024K)]

Stack: [0x00000058e0000000,0x00000058e0100000]
Native frames: (J=compiled Java code, j=interpreted, Vv=VM code, C=native code)
V  [jvm.dll+0x6d7a39]
V  [jvm.dll+0x8b4b26]
V  [jvm.dll+0x8b70de]
V  [jvm.dll+0x8b77c3]
V  [jvm.dll+0x284346]
V  [jvm.dll+0x8b086e]
V  [jvm.dll+0x679444]
V  [jvm.dll+0x1e82bb]
V  [jvm.dll+0x1e807e]
V  [jvm.dll+0x67bd42]
V  [jvm.dll+0x67bb72]
V  [jvm.dll+0x679e1e]
V  [jvm.dll+0x281217]
V  [jvm.dll+0x72dd4f]
V  [jvm.dll+0x72e88f]
V  [jvm.dll+0x3cc641]
V  [jvm.dll+0x3cb417]
V  [jvm.dll+0x3cb3b8]
V  [jvm.dll+0x3dce7a]
C  0x000001d36d37925f

The last pc belongs to new (printed below).
Java frames: (J=compiled Java code, j=interpreted, Vv=VM code)
j  org.eclipse.jdt.ls.core.internal.syntaxserver.SyntaxLanguageServer.connectClient(Lorg/eclipse/jdt/ls/core/internal/JavaClientConnection$JavaLanguageClient;)V+17
j  org.eclipse.jdt.ls.core.internal.JavaLanguageServerPlugin.startConnection()V+306
j  org.eclipse.jdt.ls.core.internal.JavaLanguageServerPlugin.startLanguageServer(Lorg/eclipse/jdt/ls/core/internal/LanguageServerApplication;)V+16
j  org.eclipse.jdt.ls.core.internal.LanguageServerApplication.start(Lorg/eclipse/equinox/app/IApplicationContext;)Ljava/lang/Object;+5
j  org.eclipse.equinox.internal.app.EclipseAppHandle.run(Ljava/lang/Object;)Ljava/lang/Object;+138
j  org.eclipse.core.runtime.internal.adaptor.EclipseAppLauncher.runApplication(Ljava/lang/Object;)Ljava/lang/Object;+85
j  org.eclipse.core.runtime.internal.adaptor.EclipseAppLauncher.start(Ljava/lang/Object;)Ljava/lang/Object;+79
j  org.eclipse.core.runtime.adaptor.EclipseStarter.run(Ljava/lang/Object;)Ljava/lang/Object;+99
j  org.eclipse.core.runtime.adaptor.EclipseStarter.run([Ljava/lang/String;Ljava/lang/Runnable;)Ljava/lang/Object;+132
j  java.lang.invoke.DirectMethodHandle$Holder.invokeStatic(Ljava/lang/Object;Ljava/lang/Object;Ljava/lang/Object;)Ljava/lang/Object;+11 java.base@21.0.10
j  java.lang.invoke.LambdaForm$MH+0x000001d30108a800.invoke(Ljava/lang/Object;Ljava/lang/Object;Ljava/lang/Object;Ljava/lang/Object;)Ljava/lang/Object;+54 java.base@21.0.10
j  java.lang.invoke.LambdaForm$MH+0x000001d301002c00.invokeExact_MT(Ljava/lang/Object;Ljava/lang/Object;Ljava/lang/Object;Ljava/lang/Object;Ljava/lang/Object;)Ljava/lang/Object;+22 java.base@21.0.10
j  jdk.internal.reflect.DirectMethodHandleAccessor.invokeImpl(Ljava/lang/Object;[Ljava/lang/Object;)Ljava/lang/Object;+72 java.base@21.0.10
j  jdk.internal.reflect.DirectMethodHandleAccessor.invoke(Ljava/lang/Object;[Ljava/lang/Object;)Ljava/lang/Object;+23 java.base@21.0.10
j  java.lang.reflect.Method.invoke(Ljava/lang/Object;[Ljava/lang/Object;)Ljava/lang/Object;+102 java.base@21.0.10
j  org.eclipse.equinox.launcher.Main.invokeFramework([Ljava/lang/String;[Ljava/net/URL;)V+155
j  org.eclipse.equinox.launcher.Main.basicRun([Ljava/lang/String;)V+191
j  org.eclipse.equinox.launcher.Main.run([Ljava/lang/String;)I+4
j  org.eclipse.equinox.launcher.Main.main([Ljava/lang/String;)V+10
v  ~StubRoutines::call_stub 0x000001d36d36100d
new  187 new  [0x000001d36d3790e0, 0x000001d36d3792e8]  520 bytes
[MachCode]
  0x000001d36d3790e0: 4883 ec08 | c5fa 1104 | 24eb 1f48 | 83ec 10c5 | fb11 0424 | eb14 4883 | ec10 4889 | 0424 48c7 
  0x000001d36d379100: 4424 0800 | 0000 00eb | 0150 410f | b755 010f | cac1 ea10 | 488b 4de8 | 488b 4908 | 488b 4908 
  0x000001d36d379120: 488b 4108 | 807c 1004 | 070f 85d3 | 0000 0066 | 8b54 d148 | 488b 4928 | 488b 4cd1 | 0851 80b9 
  0x000001d36d379140: 3101 0000 | 040f 85b6 | 0000 008b | 5108 f6c2 | 010f 85aa | 0000 0049 | 8b87 b801 | 0000 488d 
  0x000001d36d379160: 1c10 493b | 9fc8 0100 | 000f 8792 | 0000 0049 | 899f b801 | 0000 4883 | ea10 0f84 | 0f00 0000 
  0x000001d36d379180: 33c9 c1ea | 0348 894c | d008 48ff | ca75 f648 | c700 0100 | 0000 5933 | f689 700c | 49ba 0000 
  0x000001d36d3791a0: 0000 d301 | 0000 492b | ca89 4808 | 49ba c75c | 8087 f97f | 0000 4180 | 3a00 0f84 | 3c00 0000 
  0x000001d36d3791c0: 5048 8bc8 | 4883 ec20 | 40f6 c40f | 0f84 1900 | 0000 4883 | ec08 48b8 | 90e1 2987 | f97f 0000 
  0x000001d36d3791e0: ffd0 4883 | c408 e90c | 0000 0048 | b890 e129 | 87f9 7f00 | 00ff d048 | 83c4 2058 | e9cb 0000 
  0x000001d36d379200: 0059 488b | 55e8 488b | 5208 488b | 5208 450f | b745 0141 | 0fc8 41c1 | e810 e805 | 0000 00e9 
  0x000001d36d379220: a800 0000 | 488d 4424 | 084c 896d | c049 8bcf | c5f8 7749 | 89af b003 | 0000 4989 | 87a0 0300 
  0x000001d36d379240: 0048 83ec | 2040 f6c4 | 0f0f 8419 | 0000 0048 | 83ec 0848 | b8f0 cdf3 | 86f9 7f00 | 00ff d048 
  0x000001d36d379260: 83c4 08e9 | 0c00 0000 | 48b8 f0cd | f386 f97f | 0000 ffd0 | 4883 c420 | 49c7 87a0 | 0300 0000 
  0x000001d36d379280: 0000 0049 | c787 b003 | 0000 0000 | 0000 49c7 | 87a8 0300 | 0000 0000 | 00c5 f877 | 4983 7f08 
  0x000001d36d3792a0: 000f 8405 | 0000 00e9 | 547c feff | 498b 87f8 | 0300 0049 | c787 f803 | 0000 0000 | 0000 4c8b 
  0x000001d36d3792c0: 6dc0 4c8b | 75c8 4e8d | 74f5 00c3 | 410f b65d | 0349 83c5 | 0349 ba10 | 2583 87f9 | 7f00 0041 
  0x000001d36d3792e0: ff24 da0f | 1f44 0000 
[/MachCode]

---------------  P R O C E S S  ---------------

Threads class SMR info:
_java_thread_list=0x000001d37fae4640, length=26, elements={
0x000001d362c20760, 0x000001d362b0a9d0, 0x000001d362b0c2e0, 0x000001d362b0fe80,
0x000001d362b10da0, 0x000001d362b13bd0, 0x000001d362b15640, 0x000001d362b16480,
0x000001d362b89730, 0x000001d37a39edf0, 0x000001d37a46d550, 0x000001d37aa938d0,
0x000001d37ad63810, 0x000001d37ad90b00, 0x000001d37ace1c10, 0x000001d37aba97a0,
0x000001d37f258c80, 0x000001d37f1fd510, 0x000001d34133c2d0, 0x000001d34133ea30,
0x000001d34133c960, 0x000001d34133dd10, 0x000001d34133cff0, 0x000001d34133d680,
0x000001d34133e3a0, 0x000001d34133f0c0
}

Java Threads: ( => current thread )
=>0x000001d362c20760 JavaThread "main"                              [_thread_in_vm, id=8136, stack(0x00000058e0000000,0x00000058e0100000) (1024K)]
  0x000001d362b0a9d0 JavaThread "Reference Handler"          daemon [_thread_blocked, id=11688, stack(0x00000058e0400000,0x00000058e0500000) (1024K)]
  0x000001d362b0c2e0 JavaThread "Finalizer"                  daemon [_thread_blocked, id=3524, stack(0x00000058e0500000,0x00000058e0600000) (1024K)]
  0x000001d362b0fe80 JavaThread "Signal Dispatcher"          daemon [_thread_blocked, id=21660, stack(0x00000058e0600000,0x00000058e0700000) (1024K)]
  0x000001d362b10da0 JavaThread "Attach Listener"            daemon [_thread_blocked, id=17628, stack(0x00000058e0700000,0x00000058e0800000) (1024K)]
  0x000001d362b13bd0 JavaThread "Service Thread"             daemon [_thread_blocked, id=2612, stack(0x00000058e0800000,0x00000058e0900000) (1024K)]
  0x000001d362b15640 JavaThread "Monitor Deflation Thread"   daemon [_thread_blocked, id=11524, stack(0x00000058e0900000,0x00000058e0a00000) (1024K)]
  0x000001d362b16480 JavaThread "C2 CompilerThread0"         daemon [_thread_blocked, id=15324, stack(0x00000058e0a00000,0x00000058e0b00000) (1024K)]
  0x000001d362b89730 JavaThread "C1 CompilerThread0"         daemon [_thread_blocked, id=9280, stack(0x00000058e0b00000,0x00000058e0c00000) (1024K)]
  0x000001d37a39edf0 JavaThread "Common-Cleaner"             daemon [_thread_blocked, id=21724, stack(0x00000058e0c00000,0x00000058e0d00000) (1024K)]
  0x000001d37a46d550 JavaThread "Notification Thread"        daemon [_thread_blocked, id=16104, stack(0x00000058e0d00000,0x00000058e0e00000) (1024K)]
  0x000001d37aa938d0 JavaThread "Active Thread: Equinox Container: 390e13c0-ffad-4751-9c2b-70a654ee1a92"        [_thread_blocked, id=15000, stack(0x00000058e1200000,0x00000058e1300000) (1024K)]
  0x000001d37ad63810 JavaThread "Framework Event Dispatcher: Equinox Container: 390e13c0-ffad-4751-9c2b-70a654ee1a92" daemon [_thread_blocked, id=10300, stack(0x00000058e1300000,0x00000058e1400000) (1024K)]
  0x000001d37ad90b00 JavaThread "Start Level: Equinox Container: 390e13c0-ffad-4751-9c2b-70a654ee1a92" daemon [_thread_blocked, id=17372, stack(0x00000058e1400000,0x00000058e1500000) (1024K)]
  0x000001d37ace1c10 JavaThread "SCR Component Actor"        daemon [_thread_blocked, id=19424, stack(0x00000058e0e00000,0x00000058e0f00000) (1024K)]
  0x000001d37aba97a0 JavaThread "Worker-JM"                         [_thread_blocked, id=15244, stack(0x00000058e1500000,0x00000058e1600000) (1024K)]
  0x000001d37f258c80 JavaThread "Worker-0"                          [_thread_blocked, id=3988, stack(0x00000058e1700000,0x00000058e1800000) (1024K)]
  0x000001d37f1fd510 JavaThread "Worker-1"                          [_thread_blocked, id=19672, stack(0x00000058e1600000,0x00000058e1700000) (1024K)]
  0x000001d34133c2d0 JavaThread "JNA Cleaner"                daemon [_thread_blocked, id=17436, stack(0x00000058e1800000,0x00000058e1900000) (1024K)]
  0x000001d34133ea30 JavaThread "Thread-1"                   daemon [_thread_in_native, id=4072, stack(0x00000058e1c00000,0x00000058e1d00000) (1024K)]
  0x000001d34133c960 JavaThread "Thread-2"                   daemon [_thread_in_native, id=22208, stack(0x00000058e1d00000,0x00000058e1e00000) (1024K)]
  0x000001d34133dd10 JavaThread "Thread-3"                   daemon [_thread_in_native, id=13808, stack(0x00000058e1e00000,0x00000058e1f00000) (1024K)]
  0x000001d34133cff0 JavaThread "Thread-4"                   daemon [_thread_in_native, id=19368, stack(0x00000058e1f00000,0x00000058e2000000) (1024K)]
  0x000001d34133d680 JavaThread "Thread-5"                   daemon [_thread_in_native, id=11284, stack(0x00000058e2000000,0x00000058e2100000) (1024K)]
  0x000001d34133e3a0 JavaThread "Worker-2"                          [_thread_blocked, id=12240, stack(0x00000058e2100000,0x00000058e2200000) (1024K)]
  0x000001d34133f0c0 JavaThread "pool-2-thread-1"                   [_thread_blocked, id=19548, stack(0x00000058e2200000,0x00000058e2300000) (1024K)]
Total: 26

Other Threads:
  0x000001d362aeeb00 VMThread "VM Thread"                           [id=12256, stack(0x00000058e0300000,0x00000058e0400000) (1024K)]
  0x000001d362ce5b30 WatcherThread "VM Periodic Task Thread"        [id=11512, stack(0x00000058e0200000,0x00000058e0300000) (1024K)]
  0x000001d362c3e960 WorkerThread "GC Thread#0"                     [id=7788, stack(0x00000058e0100000,0x00000058e0200000) (1024K)]
  0x000001d37a6ece50 WorkerThread "GC Thread#1"                     [id=6396, stack(0x00000058e0f00000,0x00000058e1000000) (1024K)]
  0x000001d37a6ed200 WorkerThread "GC Thread#2"                     [id=10408, stack(0x00000058e1000000,0x00000058e1100000) (1024K)]
  0x000001d37a6ed5b0 WorkerThread "GC Thread#3"                     [id=6604, stack(0x00000058e1100000,0x00000058e1200000) (1024K)]
Total: 6

Threads with active compile tasks:
Total: 0

VM state: not at safepoint (normal execution)

VM Mutex/Monitor currently owned by a thread:  ([mutex/lock_event])
[0x00007ff98781c4e0] Metaspace_lock - owner thread: 0x000001d362c20760

Heap address: 0x0000000080000000, size: 2048 MB, Compressed Oops mode: 32-bit

CDS archive(s) mapped at: [0x000001d300000000-0x000001d300ba0000-0x000001d300ba0000), size 12189696, SharedBaseAddress: 0x000001d300000000, ArchiveRelocationMode: 1.
Compressed class space mapped at: 0x000001d301000000-0x000001d341000000, reserved size: 1073741824
Narrow klass base: 0x000001d300000000, Narrow klass shift: 0, Narrow klass range: 0x100000000

GC Precious Log:
 CardTable entry size: 512
 CPUs: 4 total, 4 available
 Memory: 8085M
 Large Page Support: Disabled
 NUMA Support: Disabled
 Compressed Oops: Enabled (32-bit)
 Alignments: Space 512K, Generation 512K, Heap 2M
 Heap Min Capacity: 100M
 Heap Initial Capacity: 100M
 Heap Max Capacity: 2G
 Pre-touch: Disabled
 Parallel Workers: 4

Heap:
 PSYoungGen      total 27136K, used 16019K [0x00000000d5580000, 0x00000000d7480000, 0x0000000100000000)
  eden space 24576K, 55% used [0x00000000d5580000,0x00000000d62ec3f8,0x00000000d6d80000)
  from space 2560K, 88% used [0x00000000d6e00000,0x00000000d7038998,0x00000000d7080000)
  to   space 3584K, 0% used [0x00000000d7100000,0x00000000d7100000,0x00000000d7480000)
 ParOldGen       total 68608K, used 10137K [0x0000000080000000, 0x0000000084300000, 0x00000000d5580000)
  object space 68608K, 14% used [0x0000000080000000,0x00000000809e6790,0x0000000084300000)
 Metaspace       used 27327K, committed 28160K, reserved 1114112K
  class space    used 2722K, committed 3136K, reserved 1048576K

Card table byte_map: [0x000001d3625d0000,0x000001d3629e0000] _byte_map_base: 0x000001d3621d0000

Marking Bits: (ParMarkBitMap*) 0x00007ff987823450
 Begin Bits: [0x000001d3750e0000, 0x000001d3770e0000)
 End Bits:   [0x000001d3770e0000, 0x000001d3790e0000)

Polling page: 0x000001d360ac0000

Metaspace:

Usage:
  Non-class:     24.03 MB used.
      Class:      2.66 MB used.
       Both:     26.69 MB used.

Virtual space:
  Non-class space:       64.00 MB reserved,      24.44 MB ( 38%) committed,  1 nodes.
      Class space:        1.00 GB reserved,       3.06 MB ( <1%) committed,  1 nodes.
             Both:        1.06 GB reserved,      27.50 MB (  3%) committed. 

Chunk freelists:
   Non-Class:  7.36 MB
       Class:  12.98 MB
        Both:  20.34 MB

MaxMetaspaceSize: unlimited
CompressedClassSpaceSize: 1.00 GB
Initial GC threshold: 21.00 MB
Current GC threshold: 35.00 MB
CDS: on
 - commit_granule_bytes: 65536.
 - commit_granule_words: 8192.
 - virtual_space_node_default_size: 8388608.
 - enlarge_chunks_in_place: 1.
 - use_allocation_guard: 0.


Internal statistics:

num_allocs_failed_limit: 3.
num_arena_births: 546.
num_arena_deaths: 14.
num_vsnodes_births: 2.
num_vsnodes_deaths: 0.
num_space_committed: 440.
num_space_uncommitted: 0.
num_chunks_returned_to_freelist: 17.
num_chunks_taken_from_freelist: 1537.
num_chunk_merges: 9.
num_chunk_splits: 1025.
num_chunks_enlarged: 693.
num_inconsistent_stats: 0.

CodeHeap 'non-profiled nmethods': size=120000Kb used=1602Kb max_used=1602Kb free=118397Kb
 bounds [0x000001d36d900000, 0x000001d36db70000, 0x000001d374e30000]
CodeHeap 'profiled nmethods': size=120000Kb used=6398Kb max_used=6398Kb free=113601Kb
 bounds [0x000001d365e30000, 0x000001d366470000, 0x000001d36d360000]
CodeHeap 'non-nmethods': size=5760Kb used=1330Kb max_used=1379Kb free=4429Kb
 bounds [0x000001d36d360000, 0x000001d36d5d0000, 0x000001d36d900000]
CodeCache: size=245760Kb, used=9330Kb, max_used=9379Kb, free=236427Kb
 total_blobs=3847, nmethods=3225, adapters=528, full_count=0
Compilation: enabled, stopped_count=0, restarted_count=0

Compilation events (20 events):
Event: 9.217 Thread 0x000001d362b89730 nmethod 3215 0x000001d36da8d310 code [0x000001d36da8d4a0, 0x000001d36da8d568]
Event: 9.217 Thread 0x000001d362b89730 3213       3       java.lang.reflect.AccessibleObject::setAccessible0 (7 bytes)
Event: 9.217 Thread 0x000001d362b16480 3217       4       jdk.internal.org.objectweb.asm.SymbolTable::addConstantUtf8Reference (101 bytes)
Event: 9.217 Thread 0x000001d362b89730 nmethod 3213 0x000001d36646cd10 code [0x000001d36646cea0, 0x000001d36646cfb8]
Event: 9.217 Thread 0x000001d362b89730 3218       3       jdk.internal.org.objectweb.asm.MethodWriter::visitTryCatchBlock (67 bytes)
Event: 9.218 Thread 0x000001d362b89730 nmethod 3218 0x000001d36646d090 code [0x000001d36646d260, 0x000001d36646d700]
Event: 9.218 Thread 0x000001d362b89730 3220       3       java.lang.reflect.ProxyGenerator::dotToSlash (9 bytes)
Event: 9.218 Thread 0x000001d362b89730 nmethod 3220 0x000001d36646d910 code [0x000001d36646dac0, 0x000001d36646dbf0]
Event: 9.218 Thread 0x000001d362b89730 3219       3       jdk.internal.org.objectweb.asm.Handler::<init> (32 bytes)
Event: 9.218 Thread 0x000001d362b89730 nmethod 3219 0x000001d36646dc90 code [0x000001d36646de40, 0x000001d36646e000]
Event: 9.218 Thread 0x000001d362b89730 3221       3       java.lang.reflect.Executable::isVarArgs (17 bytes)
Event: 9.218 Thread 0x000001d362b89730 nmethod 3221 0x000001d36646e090 code [0x000001d36646e240, 0x000001d36646e460]
Event: 9.218 Thread 0x000001d362b89730 3222       3       jdk.internal.org.objectweb.asm.Frame::getConcreteOutputType (111 bytes)
Event: 9.219 Thread 0x000001d362b89730 nmethod 3222 0x000001d36646e510 code [0x000001d36646e6e0, 0x000001d36646ea70]
Event: 9.219 Thread 0x000001d362b89730 3223       3       jdk.internal.org.objectweb.asm.SymbolTable::addConstantUtf8 (98 bytes)
Event: 9.219 Thread 0x000001d362b89730 nmethod 3223 0x000001d36646eb90 code [0x000001d36646edc0, 0x000001d36646f3a0]
Event: 9.221 Thread 0x000001d362b89730 3224       3       java.lang.PublicMethods$MethodList::<init> (10 bytes)
Event: 9.221 Thread 0x000001d362b89730 nmethod 3224 0x000001d36646f710 code [0x000001d36646f8c0, 0x000001d36646fa48]
Event: 9.221 Thread 0x000001d362b89730 3225       3       java.lang.Class::getInterfaces (49 bytes)
Event: 9.221 Thread 0x000001d362b89730 nmethod 3225 0x000001d36da8d610 code [0x000001d36da8d800, 0x000001d36da8dc98]

GC Heap History (16 events):
Event: 2.167 GC heap before
{Heap before GC invocations=1 (full 0):
 PSYoungGen      total 29696K, used 25600K [0x00000000d5580000, 0x00000000d7680000, 0x0000000100000000)
  eden space 25600K, 100% used [0x00000000d5580000,0x00000000d6e80000,0x00000000d6e80000)
  from space 4096K, 0% used [0x00000000d7280000,0x00000000d7280000,0x00000000d7680000)
  to   space 4096K, 0% used [0x00000000d6e80000,0x00000000d6e80000,0x00000000d7280000)
 ParOldGen       total 68608K, used 0K [0x0000000080000000, 0x0000000084300000, 0x00000000d5580000)
  object space 68608K, 0% used [0x0000000080000000,0x0000000080000000,0x0000000084300000)
 Metaspace       used 4381K, committed 4608K, reserved 1114112K
  class space    used 474K, committed 576K, reserved 1048576K
}
Event: 2.184 GC heap after
{Heap after GC invocations=1 (full 0):
 PSYoungGen      total 29696K, used 3280K [0x00000000d5580000, 0x00000000d7680000, 0x0000000100000000)
  eden space 25600K, 0% used [0x00000000d5580000,0x00000000d5580000,0x00000000d6e80000)
  from space 4096K, 80% used [0x00000000d6e80000,0x00000000d71b4148,0x00000000d7280000)
  to   space 4096K, 0% used [0x00000000d7280000,0x00000000d7280000,0x00000000d7680000)
 ParOldGen       total 68608K, used 0K [0x0000000080000000, 0x0000000084300000, 0x00000000d5580000)
  object space 68608K, 0% used [0x0000000080000000,0x0000000080000000,0x0000000084300000)
 Metaspace       used 4381K, committed 4608K, reserved 1114112K
  class space    used 474K, committed 576K, reserved 1048576K
}
Event: 3.445 GC heap before
{Heap before GC invocations=2 (full 0):
 PSYoungGen      total 29696K, used 28880K [0x00000000d5580000, 0x00000000d7680000, 0x0000000100000000)
  eden space 25600K, 100% used [0x00000000d5580000,0x00000000d6e80000,0x00000000d6e80000)
  from space 4096K, 80% used [0x00000000d6e80000,0x00000000d71b4148,0x00000000d7280000)
  to   space 4096K, 0% used [0x00000000d7280000,0x00000000d7280000,0x00000000d7680000)
 ParOldGen       total 68608K, used 0K [0x0000000080000000, 0x0000000084300000, 0x00000000d5580000)
  object space 68608K, 0% used [0x0000000080000000,0x0000000080000000,0x0000000084300000)
 Metaspace       used 8202K, committed 8512K, reserved 1114112K
  class space    used 873K, committed 1024K, reserved 1048576K
}
Event: 3.452 GC heap after
{Heap after GC invocations=2 (full 0):
 PSYoungGen      total 29696K, used 4073K [0x00000000d5580000, 0x00000000d7680000, 0x0000000100000000)
  eden space 25600K, 0% used [0x00000000d5580000,0x00000000d5580000,0x00000000d6e80000)
  from space 4096K, 99% used [0x00000000d7280000,0x00000000d767a598,0x00000000d7680000)
  to   space 4096K, 0% used [0x00000000d6e80000,0x00000000d6e80000,0x00000000d7280000)
 ParOldGen       total 68608K, used 1181K [0x0000000080000000, 0x0000000084300000, 0x00000000d5580000)
  object space 68608K, 1% used [0x0000000080000000,0x00000000801276b8,0x0000000084300000)
 Metaspace       used 8202K, committed 8512K, reserved 1114112K
  class space    used 873K, committed 1024K, reserved 1048576K
}
Event: 4.667 GC heap before
{Heap before GC invocations=3 (full 0):
 PSYoungGen      total 29696K, used 29673K [0x00000000d5580000, 0x00000000d7680000, 0x0000000100000000)
  eden space 25600K, 100% used [0x00000000d5580000,0x00000000d6e80000,0x00000000d6e80000)
  from space 4096K, 99% used [0x00000000d7280000,0x00000000d767a598,0x00000000d7680000)
  to   space 4096K, 0% used [0x00000000d6e80000,0x00000000d6e80000,0x00000000d7280000)
 ParOldGen       total 68608K, used 1181K [0x0000000080000000, 0x0000000084300000, 0x00000000d5580000)
  object space 68608K, 1% used [0x0000000080000000,0x00000000801276b8,0x0000000084300000)
 Metaspace       used 13076K, committed 13696K, reserved 1114112K
  class space    used 1386K, committed 1664K, reserved 1048576K
}
Event: 4.677 GC heap after
{Heap after GC invocations=3 (full 0):
 PSYoungGen      total 29696K, used 4082K [0x00000000d5580000, 0x00000000d7680000, 0x0000000100000000)
  eden space 25600K, 0% used [0x00000000d5580000,0x00000000d5580000,0x00000000d6e80000)
  from space 4096K, 99% used [0x00000000d6e80000,0x00000000d727c880,0x00000000d7280000)
  to   space 4096K, 0% used [0x00000000d7280000,0x00000000d7280000,0x00000000d7680000)
 ParOldGen       total 68608K, used 2842K [0x0000000080000000, 0x0000000084300000, 0x00000000d5580000)
  object space 68608K, 4% used [0x0000000080000000,0x00000000802c68c0,0x0000000084300000)
 Metaspace       used 13076K, committed 13696K, reserved 1114112K
  class space    used 1386K, committed 1664K, reserved 1048576K
}
Event: 5.739 GC heap before
{Heap before GC invocations=4 (full 0):
 PSYoungGen      total 29696K, used 29682K [0x00000000d5580000, 0x00000000d7680000, 0x0000000100000000)
  eden space 25600K, 100% used [0x00000000d5580000,0x00000000d6e80000,0x00000000d6e80000)
  from space 4096K, 99% used [0x00000000d6e80000,0x00000000d727c880,0x00000000d7280000)
  to   space 4096K, 0% used [0x00000000d7280000,0x00000000d7280000,0x00000000d7680000)
 ParOldGen       total 68608K, used 2842K [0x0000000080000000, 0x0000000084300000, 0x00000000d5580000)
  object space 68608K, 4% used [0x0000000080000000,0x00000000802c68c0,0x0000000084300000)
 Metaspace       used 15985K, committed 16576K, reserved 1114112K
  class space    used 1659K, committed 1920K, reserved 1048576K
}
Event: 5.747 GC heap after
{Heap after GC invocations=4 (full 0):
 PSYoungGen      total 29696K, used 4088K [0x00000000d5580000, 0x00000000d7680000, 0x0000000100000000)
  eden space 25600K, 0% used [0x00000000d5580000,0x00000000d5580000,0x00000000d6e80000)
  from space 4096K, 99% used [0x00000000d7280000,0x00000000d767e180,0x00000000d7680000)
  to   space 4096K, 0% used [0x00000000d6e80000,0x00000000d6e80000,0x00000000d7280000)
 ParOldGen       total 68608K, used 5447K [0x0000000080000000, 0x0000000084300000, 0x00000000d5580000)
  object space 68608K, 7% used [0x0000000080000000,0x0000000080551f98,0x0000000084300000)
 Metaspace       used 15985K, committed 16576K, reserved 1114112K
  class space    used 1659K, committed 1920K, reserved 1048576K
}
Event: 6.490 GC heap before
{Heap before GC invocations=5 (full 0):
 PSYoungGen      total 29696K, used 29536K [0x00000000d5580000, 0x00000000d7680000, 0x0000000100000000)
  eden space 25600K, 99% used [0x00000000d5580000,0x00000000d6e5a138,0x00000000d6e80000)
  from space 4096K, 99% used [0x00000000d7280000,0x00000000d767e180,0x00000000d7680000)
  to   space 4096K, 0% used [0x00000000d6e80000,0x00000000d6e80000,0x00000000d7280000)
 ParOldGen       total 68608K, used 5447K [0x0000000080000000, 0x0000000084300000, 0x00000000d5580000)
  object space 68608K, 7% used [0x0000000080000000,0x0000000080551f98,0x0000000084300000)
 Metaspace       used 20183K, committed 20800K, reserved 1114112K
  class space    used 1966K, committed 2240K, reserved 1048576K
}
Event: 6.497 GC heap after
{Heap after GC invocations=5 (full 0):
 PSYoungGen      total 29184K, used 4074K [0x00000000d5580000, 0x00000000d7900000, 0x0000000100000000)
  eden space 25088K, 0% used [0x00000000d5580000,0x00000000d5580000,0x00000000d6e00000)
  from space 4096K, 99% used [0x00000000d6e80000,0x00000000d727a828,0x00000000d7280000)
  to   space 5632K, 0% used [0x00000000d7380000,0x00000000d7380000,0x00000000d7900000)
 ParOldGen       total 68608K, used 6041K [0x0000000080000000, 0x0000000084300000, 0x00000000d5580000)
  object space 68608K, 8% used [0x0000000080000000,0x00000000805e6450,0x0000000084300000)
 Metaspace       used 20183K, committed 20800K, reserved 1114112K
  class space    used 1966K, committed 2240K, reserved 1048576K
}
Event: 6.906 GC heap before
{Heap before GC invocations=6 (full 0):
 PSYoungGen      total 29184K, used 23097K [0x00000000d5580000, 0x00000000d7900000, 0x0000000100000000)
  eden space 25088K, 75% used [0x00000000d5580000,0x00000000d6813f28,0x00000000d6e00000)
  from space 4096K, 99% used [0x00000000d6e80000,0x00000000d727a828,0x00000000d7280000)
  to   space 5632K, 0% used [0x00000000d7380000,0x00000000d7380000,0x00000000d7900000)
 ParOldGen       total 68608K, used 6041K [0x0000000080000000, 0x0000000084300000, 0x00000000d5580000)
  object space 68608K, 8% used [0x0000000080000000,0x00000000805e6450,0x0000000084300000)
 Metaspace       used 20858K, committed 21504K, reserved 1114112K
  class space    used 1998K, committed 2304K, reserved 1048576K
}
Event: 6.915 GC heap after
{Heap after GC invocations=6 (full 0):
 PSYoungGen      total 30720K, used 5239K [0x00000000d5580000, 0x00000000d7900000, 0x0000000100000000)
  eden space 25088K, 0% used [0x00000000d5580000,0x00000000d5580000,0x00000000d6e00000)
  from space 5632K, 93% used [0x00000000d7380000,0x00000000d789dea8,0x00000000d7900000)
  to   space 5632K, 0% used [0x00000000d6e00000,0x00000000d6e00000,0x00000000d7380000)
 ParOldGen       total 68608K, used 6822K [0x0000000080000000, 0x0000000084300000, 0x00000000d5580000)
  object space 68608K, 9% used [0x0000000080000000,0x00000000806a9960,0x0000000084300000)
 Metaspace       used 20858K, committed 21504K, reserved 1114112K
  class space    used 1998K, committed 2304K, reserved 1048576K
}
Event: 6.915 GC heap before
{Heap before GC invocations=7 (full 1):
 PSYoungGen      total 30720K, used 5239K [0x00000000d5580000, 0x00000000d7900000, 0x0000000100000000)
  eden space 25088K, 0% used [0x00000000d5580000,0x00000000d5580000,0x00000000d6e00000)
  from space 5632K, 93% used [0x00000000d7380000,0x00000000d789dea8,0x00000000d7900000)
  to   space 5632K, 0% used [0x00000000d6e00000,0x00000000d6e00000,0x00000000d7380000)
 ParOldGen       total 68608K, used 6822K [0x0000000080000000, 0x0000000084300000, 0x00000000d5580000)
  object space 68608K, 9% used [0x0000000080000000,0x00000000806a9960,0x0000000084300000)
 Metaspace       used 20858K, committed 21504K, reserved 1114112K
  class space    used 1998K, committed 2304K, reserved 1048576K
}
Event: 6.957 GC heap after
{Heap after GC invocations=7 (full 1):
 PSYoungGen      total 30720K, used 0K [0x00000000d5580000, 0x00000000d7900000, 0x0000000100000000)
  eden space 25088K, 0% used [0x00000000d5580000,0x00000000d5580000,0x00000000d6e00000)
  from space 5632K, 0% used [0x00000000d7380000,0x00000000d7380000,0x00000000d7900000)
  to   space 5632K, 0% used [0x00000000d6e00000,0x00000000d6e00000,0x00000000d7380000)
 ParOldGen       total 68608K, used 10129K [0x0000000080000000, 0x0000000084300000, 0x00000000d5580000)
  object space 68608K, 14% used [0x0000000080000000,0x00000000809e4790,0x0000000084300000)
 Metaspace       used 20846K, committed 21504K, reserved 1114112K
  class space    used 1994K, committed 2304K, reserved 1048576K
}
Event: 8.791 GC heap before
{Heap before GC invocations=8 (full 1):
 PSYoungGen      total 30720K, used 25088K [0x00000000d5580000, 0x00000000d7900000, 0x0000000100000000)
  eden space 25088K, 100% used [0x00000000d5580000,0x00000000d6e00000,0x00000000d6e00000)
  from space 5632K, 0% used [0x00000000d7380000,0x00000000d7380000,0x00000000d7900000)
  to   space 5632K, 0% used [0x00000000d6e00000,0x00000000d6e00000,0x00000000d7380000)
 ParOldGen       total 68608K, used 10129K [0x0000000080000000, 0x0000000084300000, 0x00000000d5580000)
  object space 68608K, 14% used [0x0000000080000000,0x00000000809e4790,0x0000000084300000)
 Metaspace       used 25247K, committed 26048K, reserved 1114112K
  class space    used 2461K, committed 2816K, reserved 1048576K
}
Event: 8.796 GC heap after
{Heap after GC invocations=8 (full 1):
 PSYoungGen      total 27136K, used 2274K [0x00000000d5580000, 0x00000000d7480000, 0x0000000100000000)
  eden space 24576K, 0% used [0x00000000d5580000,0x00000000d5580000,0x00000000d6d80000)
  from space 2560K, 88% used [0x00000000d6e00000,0x00000000d7038998,0x00000000d7080000)
  to   space 3584K, 0% used [0x00000000d7100000,0x00000000d7100000,0x00000000d7480000)
 ParOldGen       total 68608K, used 10137K [0x0000000080000000, 0x0000000084300000, 0x00000000d5580000)
  object space 68608K, 14% used [0x0000000080000000,0x00000000809e6790,0x0000000084300000)
 Metaspace       used 25247K, committed 26048K, reserved 1114112K
  class space    used 2461K, committed 2816K, reserved 1048576K
}

Dll operation events (10 events):
Event: 0.027 Loaded shared library c:\Users\Purva\.vscode\extensions\redhat.java-1.54.0-win32-x64\jre\21.0.10-win32-x86_64\bin\java.dll
Event: 0.198 Loaded shared library c:\Users\Purva\.vscode\extensions\redhat.java-1.54.0-win32-x64\jre\21.0.10-win32-x86_64\bin\zip.dll
Event: 0.251 Loaded shared library C:\Users\Purva\.vscode\extensions\redhat.java-1.54.0-win32-x64\jre\21.0.10-win32-x86_64\bin\instrument.dll
Event: 0.262 Loaded shared library C:\Users\Purva\.vscode\extensions\redhat.java-1.54.0-win32-x64\jre\21.0.10-win32-x86_64\bin\net.dll
Event: 0.273 Loaded shared library C:\Users\Purva\.vscode\extensions\redhat.java-1.54.0-win32-x64\jre\21.0.10-win32-x86_64\bin\nio.dll
Event: 0.285 Loaded shared library C:\Users\Purva\.vscode\extensions\redhat.java-1.54.0-win32-x64\jre\21.0.10-win32-x86_64\bin\zip.dll
Event: 0.335 Loaded shared library C:\Users\Purva\.vscode\extensions\redhat.java-1.54.0-win32-x64\jre\21.0.10-win32-x86_64\bin\jimage.dll
Event: 0.523 Loaded shared library c:\Users\Purva\.vscode\extensions\redhat.java-1.54.0-win32-x64\jre\21.0.10-win32-x86_64\bin\verify.dll
Event: 3.387 Loaded shared library C:\Users\Purva\AppData\Roaming\Code\User\globalStorage\redhat.java\1.54.0\config_ss_win\org.eclipse.equinox.launcher\org.eclipse.equinox.launcher.win32.win32.x86_64_1.3.0.v20260203-2149\eclipse_11919.dll
Event: 8.553 Loaded shared library C:\Users\Purva\AppData\Local\Temp\jna-77480536\jna13426344828807157242.dll

Deoptimization events (20 events):
Event: 9.112 Thread 0x000001d362c20760 Uncommon trap: trap_request=0xffffff45 fr.pc=0x000001d36da11d4c relative=0x000000000000036c
Event: 9.112 Thread 0x000001d362c20760 Uncommon trap: reason=unstable_if action=reinterpret pc=0x000001d36da11d4c method=java.util.regex.Pattern$BmpCharPropertyGreedy.match(Ljava/util/regex/Matcher;ILjava/lang/CharSequence;)Z @ 12 c2
Event: 9.112 Thread 0x000001d362c20760 DEOPT PACKING pc=0x000001d36da11d4c sp=0x00000058e00fcfa0
Event: 9.112 Thread 0x000001d362c20760 DEOPT UNPACKING pc=0x000001d36d3b3aa2 sp=0x00000058e00fcf38 mode 2
Event: 9.204 Thread 0x000001d362c20760 Uncommon trap: trap_request=0xffffffde fr.pc=0x000001d36d9feaf0 relative=0x0000000000000050
Event: 9.204 Thread 0x000001d362c20760 Uncommon trap: reason=class_check action=maybe_recompile pc=0x000001d36d9feaf0 method=java.lang.invoke.DirectMethodHandle.internalMemberName(Ljava/lang/Object;)Ljava/lang/Object; @ 1 c2
Event: 9.204 Thread 0x000001d362c20760 DEOPT PACKING pc=0x000001d36d9feaf0 sp=0x00000058e00fe3d0
Event: 9.204 Thread 0x000001d362c20760 DEOPT UNPACKING pc=0x000001d36d3b3aa2 sp=0x00000058e00fe360 mode 2
Event: 9.204 Thread 0x000001d362c20760 Uncommon trap: trap_request=0xffffffde fr.pc=0x000001d36d9feaf0 relative=0x0000000000000050
Event: 9.204 Thread 0x000001d362c20760 Uncommon trap: reason=class_check action=maybe_recompile pc=0x000001d36d9feaf0 method=java.lang.invoke.DirectMethodHandle.internalMemberName(Ljava/lang/Object;)Ljava/lang/Object; @ 1 c2
Event: 9.204 Thread 0x000001d362c20760 DEOPT PACKING pc=0x000001d36d9feaf0 sp=0x00000058e00fe3d0
Event: 9.204 Thread 0x000001d362c20760 DEOPT UNPACKING pc=0x000001d36d3b3aa2 sp=0x00000058e00fe360 mode 2
Event: 9.205 Thread 0x000001d362c20760 Uncommon trap: trap_request=0xffffffde fr.pc=0x000001d36d9feaf0 relative=0x0000000000000050
Event: 9.205 Thread 0x000001d362c20760 Uncommon trap: reason=class_check action=maybe_recompile pc=0x000001d36d9feaf0 method=java.lang.invoke.DirectMethodHandle.internalMemberName(Ljava/lang/Object;)Ljava/lang/Object; @ 1 c2
Event: 9.205 Thread 0x000001d362c20760 DEOPT PACKING pc=0x000001d36d9feaf0 sp=0x00000058e00fe3d0
Event: 9.205 Thread 0x000001d362c20760 DEOPT UNPACKING pc=0x000001d36d3b3aa2 sp=0x00000058e00fe360 mode 2
Event: 9.217 Thread 0x000001d362c20760 Uncommon trap: trap_request=0xffffff45 fr.pc=0x000001d36d9b3c24 relative=0x00000000000008e4
Event: 9.217 Thread 0x000001d362c20760 Uncommon trap: reason=unstable_if action=reinterpret pc=0x000001d36d9b3c24 method=jdk.internal.org.objectweb.asm.SymbolTable.put(Ljdk/internal/org/objectweb/asm/SymbolTable$Entry;)Ljdk/internal/org/objectweb/asm/SymbolTable$Entry; @ 13 c2
Event: 9.217 Thread 0x000001d362c20760 DEOPT PACKING pc=0x000001d36d9b3c24 sp=0x00000058e00fe2c0
Event: 9.217 Thread 0x000001d362c20760 DEOPT UNPACKING pc=0x000001d36d3b3aa2 sp=0x00000058e00fe1d8 mode 2

Classes loaded (20 events):
Event: 9.013 Loading class sun/reflect/generics/tree/BottomSignature
Event: 9.013 Loading class sun/reflect/generics/tree/BottomSignature done
Event: 9.013 Loading class sun/reflect/generics/tree/Wildcard
Event: 9.014 Loading class sun/reflect/generics/tree/Wildcard done
Event: 9.014 Loading class sun/reflect/generics/reflectiveObjects/WildcardTypeImpl
Event: 9.014 Loading class java/lang/reflect/WildcardType
Event: 9.014 Loading class java/lang/reflect/WildcardType done
Event: 9.014 Loading class sun/reflect/generics/reflectiveObjects/WildcardTypeImpl done
Event: 9.114 Loading class java/math/BigDecimal
Event: 9.116 Loading class java/math/BigDecimal done
Event: 9.139 Loading class java/text/ParseException
Event: 9.139 Loading class java/text/ParseException done
Event: 9.171 Loading class java/util/BitSet
Event: 9.172 Loading class java/util/BitSet done
Event: 9.173 Loading class java/util/concurrent/atomic/AtomicIntegerArray
Event: 9.173 Loading class java/util/concurrent/atomic/AtomicIntegerArray done
Event: 9.177 Loading class java/util/Currency
Event: 9.178 Loading class java/util/Currency done
Event: 9.182 Loading class java/util/concurrent/atomic/AtomicLongArray
Event: 9.182 Loading class java/util/concurrent/atomic/AtomicLongArray done

Classes unloaded (7 events):
Event: 6.923 Thread 0x000001d362aeeb00 Unloading class 0x000001d301191400 'java/lang/invoke/LambdaForm$MH+0x000001d301191400'
Event: 6.923 Thread 0x000001d362aeeb00 Unloading class 0x000001d301191000 'java/lang/invoke/LambdaForm$MH+0x000001d301191000'
Event: 6.923 Thread 0x000001d362aeeb00 Unloading class 0x000001d301190c00 'java/lang/invoke/LambdaForm$MH+0x000001d301190c00'
Event: 6.923 Thread 0x000001d362aeeb00 Unloading class 0x000001d301190800 'java/lang/invoke/LambdaForm$MH+0x000001d301190800'
Event: 6.923 Thread 0x000001d362aeeb00 Unloading class 0x000001d301190400 'java/lang/invoke/LambdaForm$BMH+0x000001d301190400'
Event: 6.923 Thread 0x000001d362aeeb00 Unloading class 0x000001d301190000 'java/lang/invoke/LambdaForm$DMH+0x000001d301190000'
Event: 6.923 Thread 0x000001d362aeeb00 Unloading class 0x000001d30118ec00 'java/lang/invoke/LambdaForm$DMH+0x000001d30118ec00'

Classes redefined (0 events):
No events

Internal exceptions (20 events):
Event: 8.624 Thread 0x000001d37ad90b00 Exception <a 'java/lang/UnsatisfiedLinkError'{0x00000000d689e228}: The specified procedure could not be found.
> (0x00000000d689e228) 
thrown [s\src\hotspot\share\prims\jni.cpp, line 539]
Event: 8.631 Thread 0x000001d37ad90b00 Exception <a 'java/io/FileNotFoundException'{0x00000000d68c3f60}> (0x00000000d68c3f60) 
thrown [s\src\hotspot\share\prims\jni.cpp, line 520]
Event: 8.653 Thread 0x000001d37ad90b00 Exception <a 'java/io/FileNotFoundException'{0x00000000d693dc50}> (0x00000000d693dc50) 
thrown [s\src\hotspot\share\prims\jni.cpp, line 520]
Event: 8.681 Thread 0x000001d37ad90b00 Exception <a 'java/lang/NoSuchMethodError'{0x00000000d69d2b88}: 'void java.lang.invoke.DirectMethodHandle$Holder.invokeSpecial(java.lang.Object, java.lang.Object, java.lang.Object, int)'> (0x00000000d69d2b88) 
thrown [s\src\hotspot\share\interpreter\linkResolver.cpp, line 773]
Event: 8.682 Thread 0x000001d37ad90b00 Exception <a 'java/lang/NoSuchMethodError'{0x00000000d69d6258}: 'void java.lang.invoke.DelegatingMethodHandle$Holder.reinvoke_L(java.lang.Object, java.lang.Object, int)'> (0x00000000d69d6258) 
thrown [s\src\hotspot\share\interpreter\linkResolver.cpp, line 773]
Event: 8.682 Thread 0x000001d37ad90b00 Exception <a 'java/lang/NoSuchMethodError'{0x00000000d69dcbf0}: 'int java.lang.invoke.Invokers$Holder.invokeExact_MT(java.lang.Object, java.lang.Object, java.lang.Object)'> (0x00000000d69dcbf0) 
thrown [s\src\hotspot\share\interpreter\linkResolver.cpp, line 773]
Event: 8.686 Thread 0x000001d37ad90b00 Exception <a 'java/lang/UnsatisfiedLinkError'{0x00000000d69f05a8}: The specified procedure could not be found.
> (0x00000000d69f05a8) 
thrown [s\src\hotspot\share\prims\jni.cpp, line 539]
Event: 8.692 Thread 0x000001d37ad90b00 Exception <a 'java/lang/NoSuchMethodError'{0x00000000d69fc7e0}: 'void java.lang.invoke.Invokers$Holder.invokeExact_MT(java.lang.Object, java.lang.Object, int, java.lang.Object)'> (0x00000000d69fc7e0) 
thrown [s\src\hotspot\share\interpreter\linkResolver.cpp, line 773]
Event: 8.780 Thread 0x000001d362c20760 Exception <a 'java/lang/NoSuchMethodError'{0x00000000d6d673f0}: 'java.lang.Object java.lang.invoke.DirectMethodHandle$Holder.invokeStatic(java.lang.Object, long, java.lang.Object)'> (0x00000000d6d673f0) 
thrown [s\src\hotspot\share\interpreter\linkResolver.cpp, line 773]
Event: 8.781 Thread 0x000001d362c20760 Exception <a 'java/lang/NoSuchMethodError'{0x00000000d6d6aa58}: 'java.lang.Object java.lang.invoke.DirectMethodHandle$Holder.invokeStaticInit(java.lang.Object, long, java.lang.Object)'> (0x00000000d6d6aa58) 
thrown [s\src\hotspot\share\interpreter\linkResolver.cpp, line 773]
Event: 8.781 Thread 0x000001d362c20760 Exception <a 'java/lang/NoSuchMethodError'{0x00000000d6d8b368}: 'java.lang.Object java.lang.invoke.DirectMethodHandle$Holder.newInvokeSpecial(java.lang.Object, long)'> (0x00000000d6d8b368) 
thrown [s\src\hotspot\share\interpreter\linkResolver.cpp, line 773]
Event: 8.820 Thread 0x000001d37f258c80 Exception <a 'java/io/FileNotFoundException'{0x00000000d573cc60}> (0x00000000d573cc60) 
thrown [s\src\hotspot\share\prims\jni.cpp, line 520]
Event: 8.820 Thread 0x000001d37f258c80 Exception <a 'java/io/FileNotFoundException'{0x00000000d573e210}> (0x00000000d573e210) 
thrown [s\src\hotspot\share\prims\jni.cpp, line 520]
Event: 8.822 Thread 0x000001d37f258c80 Exception <a 'java/lang/NoSuchMethodError'{0x00000000d574bf18}: 'java.lang.Object java.lang.invoke.DirectMethodHandle$Holder.newInvokeSpecial(java.lang.Object, java.lang.Object, java.lang.Object, int)'> (0x00000000d574bf18) 
thrown [s\src\hotspot\share\interpreter\linkResolver.cpp, line 773]
Event: 8.823 Thread 0x000001d37f258c80 Exception <a 'java/lang/NoSuchMethodError'{0x00000000d574fd38}: 'java.lang.Object java.lang.invoke.DirectMethodHandle$Holder.invokeSpecial(java.lang.Object, java.lang.Object, java.lang.Object, java.lang.Object, int)'> (0x00000000d574fd38) 
thrown [s\src\hotspot\share\interpreter\linkResolver.cpp, line 773]
Event: 8.823 Thread 0x000001d37f258c80 Exception <a 'java/lang/NoSuchMethodError'{0x00000000d57531d0}: 'java.lang.Object java.lang.invoke.Invokers$Holder.linkToTargetMethod(java.lang.Object, java.lang.Object, int, java.lang.Object)'> (0x00000000d57531d0) 
thrown [s\src\hotspot\share\interpreter\linkResolver.cpp, line 773]
Event: 8.856 Thread 0x000001d37f258c80 Exception <a 'java/lang/NoSuchMethodError'{0x00000000d575ea38}: 'void java.lang.invoke.DirectMethodHandle$Holder.invokeStaticInit(java.lang.Object, java.lang.Object, java.lang.Object)'> (0x00000000d575ea38) 
thrown [s\src\hotspot\share\interpreter\linkResolver.cpp, line 773]
Event: 9.204 Thread 0x000001d362c20760 Exception <a 'java/lang/NoSuchMethodError'{0x00000000d620ee58}: 'void java.lang.invoke.DirectMethodHandle$Holder.invokeSpecial(java.lang.Object, java.lang.Object, java.lang.Object, java.lang.Object, java.lang.Object, java.lang.Object)'> (0x00000000d620ee58) 
thrown [s\src\hotspot\share\interpreter\linkResolver.cpp, line 773]
Event: 9.205 Thread 0x000001d362c20760 Exception <a 'java/lang/IncompatibleClassChangeError'{0x00000000d6216f98}: Found class java.lang.Object, but interface was expected> (0x00000000d6216f98) 
thrown [s\src\hotspot\share\interpreter\linkResolver.cpp, line 840]
Event: 9.205 Thread 0x000001d362c20760 Exception <a 'java/lang/IncompatibleClassChangeError'{0x00000000d6218d48}: Found class java.lang.Object, but interface was expected> (0x00000000d6218d48) 
thrown [s\src\hotspot\share\interpreter\linkResolver.cpp, line 840]

ZGC Phase Switch (0 events):
No events

VM Operations (20 events):
Event: 5.739 Executing safepoint VM operation: ParallelGCFailedAllocation (Allocation Failure)
Event: 5.747 Executing safepoint VM operation: ParallelGCFailedAllocation (Allocation Failure) done
Event: 6.490 Executing safepoint VM operation: ParallelGCFailedAllocation (Allocation Failure)
Event: 6.497 Executing safepoint VM operation: ParallelGCFailedAllocation (Allocation Failure) done
Event: 6.906 Executing safepoint VM operation: CollectForMetadataAllocation (Metadata GC Threshold)
Event: 6.957 Executing safepoint VM operation: CollectForMetadataAllocation (Metadata GC Threshold) done
Event: 7.105 Executing non-safepoint VM operation: HandshakeAllThreads (Deoptimize)
Event: 7.140 Executing non-safepoint VM operation: HandshakeAllThreads (Deoptimize) done
Event: 7.500 Executing non-safepoint VM operation: HandshakeAllThreads (Deoptimize)
Event: 7.500 Executing non-safepoint VM operation: HandshakeAllThreads (Deoptimize) done
Event: 8.004 Executing non-safepoint VM operation: HandshakeAllThreads (Deoptimize)
Event: 8.004 Executing non-safepoint VM operation: HandshakeAllThreads (Deoptimize) done
Event: 8.004 Executing safepoint VM operation: Cleanup
Event: 8.004 Executing safepoint VM operation: Cleanup done
Event: 8.083 Executing non-safepoint VM operation: HandshakeAllThreads (Deoptimize)
Event: 8.083 Executing non-safepoint VM operation: HandshakeAllThreads (Deoptimize) done
Event: 8.585 Executing non-safepoint VM operation: HandshakeAllThreads (Deoptimize)
Event: 8.585 Executing non-safepoint VM operation: HandshakeAllThreads (Deoptimize) done
Event: 8.791 Executing safepoint VM operation: ParallelGCFailedAllocation (Allocation Failure)
Event: 8.796 Executing safepoint VM operation: ParallelGCFailedAllocation (Allocation Failure) done

Memory protections (0 events):
No events

Nmethod flushes (0 events):
No events

Events (20 events):
Event: 4.931 Thread 0x000001d362b89730 Thread added: 0x000001d37f1fd510
Event: 5.197 Thread 0x000001d37ad90b00 Thread added: 0x000001d37f258c80
Event: 5.277 Thread 0x000001d37f1fd510 Thread exited: 0x000001d37f1fd510
Event: 5.278 Thread 0x000001d37ad90b00 Thread added: 0x000001d37f1fd510
Event: 5.704 Thread 0x000001d362b89730 Thread added: 0x000001d37f2d7360
Event: 5.903 Thread 0x000001d37f2d7360 Thread exited: 0x000001d37f2d7360
Event: 6.628 Thread 0x000001d362b89730 Thread added: 0x000001d37f5d62c0
Event: 6.963 Thread 0x000001d37ad90b00 Thread added: 0x000001d37ad87f20
Event: 7.356 Thread 0x000001d37ad87f20 Thread exited: 0x000001d37ad87f20
Event: 7.899 Thread 0x000001d37f5d62c0 Thread exited: 0x000001d37f5d62c0
Event: 8.605 Thread 0x000001d37ad90b00 Thread added: 0x000001d34133c2d0
Event: 8.741 Thread 0x000001d362b16480 Thread added: 0x000001d37faf2020
Event: 8.801 Thread 0x000001d362c20760 Thread added: 0x000001d34133ea30
Event: 8.802 Thread 0x000001d362c20760 Thread added: 0x000001d34133c960
Event: 8.802 Thread 0x000001d362c20760 Thread added: 0x000001d34133dd10
Event: 8.803 Thread 0x000001d362c20760 Thread added: 0x000001d34133cff0
Event: 8.803 Thread 0x000001d362c20760 Thread added: 0x000001d34133d680
Event: 8.857 Thread 0x000001d37f1fd510 Thread added: 0x000001d34133e3a0
Event: 8.862 Thread 0x000001d362c20760 Thread added: 0x000001d34133f0c0
Event: 8.931 Thread 0x000001d37faf2020 Thread exited: 0x000001d37faf2020


Dynamic libraries:
0x00007ff6a2350000 - 0x00007ff6a235e000 	c:\Users\Purva\.vscode\extensions\redhat.java-1.54.0-win32-x64\jre\21.0.10-win32-x86_64\bin\java.exe
0x00007ff9d18b0000 - 0x00007ff9d1aa8000 	C:\WINDOWS\SYSTEM32\ntdll.dll
0x00007ff9d0100000 - 0x00007ff9d01c2000 	C:\WINDOWS\System32\KERNEL32.DLL
0x00007ff9cf5d0000 - 0x00007ff9cf8c6000 	C:\WINDOWS\System32\KERNELBASE.dll
0x00007ff9cef40000 - 0x00007ff9cf040000 	C:\WINDOWS\System32\ucrtbase.dll
0x00007ff9ca770000 - 0x00007ff9ca788000 	c:\Users\Purva\.vscode\extensions\redhat.java-1.54.0-win32-x64\jre\21.0.10-win32-x86_64\bin\jli.dll
0x00007ff9cfd60000 - 0x00007ff9cff01000 	C:\WINDOWS\System32\USER32.dll
0x00007ff9cf040000 - 0x00007ff9cf062000 	C:\WINDOWS\System32\win32u.dll
0x00007ff9d17d0000 - 0x00007ff9d17fb000 	C:\WINDOWS\System32\GDI32.dll
0x00007ff9cf1a0000 - 0x00007ff9cf2b9000 	C:\WINDOWS\System32\gdi32full.dll
0x00007ff9cf100000 - 0x00007ff9cf19d000 	C:\WINDOWS\System32\msvcp_win.dll
0x00007ff9bc100000 - 0x00007ff9bc11e000 	c:\Users\Purva\.vscode\extensions\redhat.java-1.54.0-win32-x64\jre\21.0.10-win32-x86_64\bin\VCRUNTIME140.dll
0x00007ff9b9d90000 - 0x00007ff9ba02b000 	C:\WINDOWS\WinSxS\amd64_microsoft.windows.common-controls_6595b64144ccf1df_6.0.19041.6456_none_60b8a6cb71f64256\COMCTL32.dll
0x00007ff9cf8e0000 - 0x00007ff9cf97e000 	C:\WINDOWS\System32\msvcrt.dll
0x00007ff9cfd30000 - 0x00007ff9cfd5f000 	C:\WINDOWS\System32\IMM32.DLL
0x00007ff9ca760000 - 0x00007ff9ca76c000 	c:\Users\Purva\.vscode\extensions\redhat.java-1.54.0-win32-x64\jre\21.0.10-win32-x86_64\bin\vcruntime140_1.dll
0x00007ff9a2b80000 - 0x00007ff9a2c0d000 	c:\Users\Purva\.vscode\extensions\redhat.java-1.54.0-win32-x64\jre\21.0.10-win32-x86_64\bin\msvcp140.dll
0x00007ff986b60000 - 0x00007ff987901000 	c:\Users\Purva\.vscode\extensions\redhat.java-1.54.0-win32-x64\jre\21.0.10-win32-x86_64\bin\server\jvm.dll
0x00007ff9d1260000 - 0x00007ff9d1311000 	C:\WINDOWS\System32\ADVAPI32.dll
0x00007ff9d1320000 - 0x00007ff9d13bf000 	C:\WINDOWS\System32\sechost.dll
0x00007ff9cff10000 - 0x00007ff9d0030000 	C:\WINDOWS\System32\RPCRT4.dll
0x00007ff9cf4f0000 - 0x00007ff9cf517000 	C:\WINDOWS\System32\bcrypt.dll
0x00007ff9d1800000 - 0x00007ff9d186b000 	C:\WINDOWS\System32\WS2_32.dll
0x00007ff9ceda0000 - 0x00007ff9cedeb000 	C:\WINDOWS\SYSTEM32\POWRPROF.dll
0x00007ff9b50b0000 - 0x00007ff9b50d7000 	C:\WINDOWS\SYSTEM32\WINMM.dll
0x00007ff9c9e20000 - 0x00007ff9c9e2a000 	C:\WINDOWS\SYSTEM32\VERSION.dll
0x00007ff9cecd0000 - 0x00007ff9cece2000 	C:\WINDOWS\SYSTEM32\UMPDC.dll
0x00007ff9ccd70000 - 0x00007ff9ccd82000 	C:\WINDOWS\SYSTEM32\kernel.appcore.dll
0x00007ff9ca700000 - 0x00007ff9ca70a000 	c:\Users\Purva\.vscode\extensions\redhat.java-1.54.0-win32-x64\jre\21.0.10-win32-x86_64\bin\jimage.dll
0x00007ff9c4e10000 - 0x00007ff9c5011000 	C:\WINDOWS\SYSTEM32\DBGHELP.DLL
0x00007ff9b8320000 - 0x00007ff9b8354000 	C:\WINDOWS\SYSTEM32\dbgcore.DLL
0x00007ff9cf070000 - 0x00007ff9cf0f2000 	C:\WINDOWS\System32\bcryptPrimitives.dll
0x00007ff9ca710000 - 0x00007ff9ca71f000 	c:\Users\Purva\.vscode\extensions\redhat.java-1.54.0-win32-x64\jre\21.0.10-win32-x86_64\bin\instrument.dll
0x00007ff9b9c10000 - 0x00007ff9b9c30000 	c:\Users\Purva\.vscode\extensions\redhat.java-1.54.0-win32-x64\jre\21.0.10-win32-x86_64\bin\java.dll
0x00007ff9d02b0000 - 0x00007ff9d0a20000 	C:\WINDOWS\System32\SHELL32.dll
0x00007ff9ccf70000 - 0x00007ff9cd715000 	C:\WINDOWS\SYSTEM32\windows.storage.dll
0x00007ff9d13c0000 - 0x00007ff9d1714000 	C:\WINDOWS\System32\combase.dll
0x00007ff9ce7b0000 - 0x00007ff9ce7db000 	C:\WINDOWS\SYSTEM32\Wldp.dll
0x00007ff9d0a20000 - 0x00007ff9d0aed000 	C:\WINDOWS\System32\OLEAUT32.dll
0x00007ff9d0050000 - 0x00007ff9d00fd000 	C:\WINDOWS\System32\SHCORE.dll
0x00007ff9d10d0000 - 0x00007ff9d112b000 	C:\WINDOWS\System32\shlwapi.dll
0x00007ff9cee70000 - 0x00007ff9cee94000 	C:\WINDOWS\SYSTEM32\profapi.dll
0x00007ff9b9870000 - 0x00007ff9b9888000 	c:\Users\Purva\.vscode\extensions\redhat.java-1.54.0-win32-x64\jre\21.0.10-win32-x86_64\bin\zip.dll
0x00007ff9c4c30000 - 0x00007ff9c4c40000 	C:\Users\Purva\.vscode\extensions\redhat.java-1.54.0-win32-x64\jre\21.0.10-win32-x86_64\bin\net.dll
0x00007ff9c19b0000 - 0x00007ff9c1aba000 	C:\WINDOWS\SYSTEM32\WINHTTP.dll
0x00007ff9ce590000 - 0x00007ff9ce5fa000 	C:\WINDOWS\system32\mswsock.dll
0x00007ff9b95e0000 - 0x00007ff9b95f6000 	C:\Users\Purva\.vscode\extensions\redhat.java-1.54.0-win32-x64\jre\21.0.10-win32-x86_64\bin\nio.dll
0x00007ff9c9e70000 - 0x00007ff9c9e80000 	c:\Users\Purva\.vscode\extensions\redhat.java-1.54.0-win32-x64\jre\21.0.10-win32-x86_64\bin\verify.dll
0x00007ff9a56d0000 - 0x00007ff9a5715000 	C:\Users\Purva\AppData\Roaming\Code\User\globalStorage\redhat.java\1.54.0\config_ss_win\org.eclipse.equinox.launcher\org.eclipse.equinox.launcher.win32.win32.x86_64_1.3.0.v20260203-2149\eclipse_11919.dll
0x00007ff9cf980000 - 0x00007ff9cfaab000 	C:\WINDOWS\System32\ole32.dll
0x00007ff9ce9d0000 - 0x00007ff9ce9e8000 	C:\WINDOWS\SYSTEM32\CRYPTSP.dll
0x00007ff9cded0000 - 0x00007ff9cdf08000 	C:\WINDOWS\system32\rsaenh.dll
0x00007ff9cee30000 - 0x00007ff9cee5e000 	C:\WINDOWS\SYSTEM32\USERENV.dll
0x00007ff9ce720000 - 0x00007ff9ce72c000 	C:\WINDOWS\SYSTEM32\CRYPTBASE.dll
0x00007ff9ce290000 - 0x00007ff9ce2cb000 	C:\WINDOWS\SYSTEM32\IPHLPAPI.DLL
0x00007ff9cf8d0000 - 0x00007ff9cf8d8000 	C:\WINDOWS\System32\NSI.dll
0x00007ff9a2a80000 - 0x00007ff9a2ac9000 	C:\Users\Purva\AppData\Local\Temp\jna-77480536\jna13426344828807157242.dll
0x00007ff9d1130000 - 0x00007ff9d1138000 	C:\WINDOWS\System32\PSAPI.DLL
0x00007ff9c3330000 - 0x00007ff9c3347000 	C:\WINDOWS\SYSTEM32\dhcpcsvc6.DLL
0x00007ff9c4420000 - 0x00007ff9c443d000 	C:\WINDOWS\SYSTEM32\dhcpcsvc.DLL

JVMTI agents:
c:\Users\Purva\.vscode\extensions\redhat.java-1.54.0-win32-x64\lombok\lombok-1.18.39-4050.jar path:c:\Users\Purva\.vscode\extensions\redhat.java-1.54.0-win32-x64\jre\21.0.10-win32-x86_64\bin\instrument.dll, loaded, initialized, instrumentlib options:none

dbghelp: loaded successfully - version: 4.0.5 - missing functions: none
symbol engine: initialized successfully - sym options: 0x614 - pdb path: .;c:\Users\Purva\.vscode\extensions\redhat.java-1.54.0-win32-x64\jre\21.0.10-win32-x86_64\bin;C:\WINDOWS\SYSTEM32;C:\WINDOWS\WinSxS\amd64_microsoft.windows.common-controls_6595b64144ccf1df_6.0.19041.6456_none_60b8a6cb71f64256;c:\Users\Purva\.vscode\extensions\redhat.java-1.54.0-win32-x64\jre\21.0.10-win32-x86_64\bin\server;C:\Users\Purva\AppData\Roaming\Code\User\globalStorage\redhat.java\1.54.0\config_ss_win\org.eclipse.equinox.launcher\org.eclipse.equinox.launcher.win32.win32.x86_64_1.3.0.v20260203-2149;C:\Users\Purva\AppData\Local\Temp\jna-77480536

VM Arguments:
jvm_args: --add-modules=ALL-SYSTEM --add-opens=java.base/java.util=ALL-UNNAMED --add-opens=java.base/java.lang=ALL-UNNAMED --add-opens=java.base/sun.nio.fs=ALL-UNNAMED -Declipse.application=org.eclipse.jdt.ls.core.id1 -Dosgi.bundles.defaultStartLevel=4 -Declipse.product=org.eclipse.jdt.ls.core.product -Djava.import.generatesMetadataFilesAtProjectRoot=false -DDetectVMInstallationsJob.disabled=true -Dfile.encoding=utf8 -XX:+UseParallelGC -XX:GCTimeRatio=4 -XX:AdaptiveSizePolicyWeight=90 -Dsun.zip.disableMemoryMapping=true -Xmx2G -Xms100m -Xlog:disable -javaagent:c:\Users\Purva\.vscode\extensions\redhat.java-1.54.0-win32-x64\lombok\lombok-1.18.39-4050.jar 
java_command: c:\Users\Purva\.vscode\extensions\redhat.java-1.54.0-win32-x64\server\plugins\org.eclipse.equinox.launcher_1.7.100.v20251111-0406.jar -configuration c:\Users\Purva\AppData\Roaming\Code\User\globalStorage\redhat.java\1.54.0\config_ss_win -data c:\Users\Purva\AppData\Roaming\Code\User\workspaceStorage\3365d4dc88d67bdd00b2d8a6de014e21\redhat.java\ss_ws --pipe=\\.\pipe\lsp-279e7d46bd71bf0d0829a797aa466295-sock
java_class_path (initial): c:\Users\Purva\.vscode\extensions\redhat.java-1.54.0-win32-x64\server\plugins\org.eclipse.equinox.launcher_1.7.100.v20251111-0406.jar
Launcher Type: SUN_STANDARD

[Global flags]
    uintx AdaptiveSizePolicyWeight                 = 90                                        {product} {command line}
     intx CICompilerCount                          = 3                                         {product} {ergonomic}
    uintx GCTimeRatio                              = 4                                         {product} {command line}
   size_t InitialHeapSize                          = 104857600                                 {product} {command line}
   size_t MaxHeapSize                              = 2147483648                                {product} {command line}
   size_t MaxNewSize                               = 715653120                                 {product} {ergonomic}
   size_t MinHeapDeltaBytes                        = 524288                                    {product} {ergonomic}
   size_t MinHeapSize                              = 104857600                                 {product} {command line}
   size_t NewSize                                  = 34603008                                  {product} {ergonomic}
    uintx NonNMethodCodeHeapSize                   = 5832780                                {pd product} {ergonomic}
    uintx NonProfiledCodeHeapSize                  = 122912730                              {pd product} {ergonomic}
   size_t OldSize                                  = 70254592                                  {product} {ergonomic}
    uintx ProfiledCodeHeapSize                     = 122912730                              {pd product} {ergonomic}
    uintx ReservedCodeCacheSize                    = 251658240                              {pd product} {ergonomic}
     bool SegmentedCodeCache                       = true                                      {product} {ergonomic}
   size_t SoftMaxHeapSize                          = 2147483648                             {manageable} {ergonomic}
     bool UseCompressedOops                        = true                           {product lp64_product} {ergonomic}
     bool UseLargePagesIndividualAllocation        = false                                  {pd product} {ergonomic}
     bool UseParallelGC                            = true                                      {product} {command line}

Logging:
Log output configuration:
 #0: stdout all=off uptime,level,tags foldmultilines=false
 #1: stderr all=off uptime,level,tags foldmultilines=false

Release file:
JAVA_VERSION="21.0.10" 
MODULES="java.base java.compiler java.datatransfer java.xml java.prefs java.desktop java.instrument java.logging java.management java.security.sasl java.naming java.rmi java.management.rmi java.net.http java.scripting java.security.jgss java.transaction.xa java.sql java.sql.rowset java.xml.crypto java.se java.smartcardio jdk.accessibility jdk.internal.jvmstat jdk.attach jdk.charsets jdk.internal.opt jdk.zipfs jdk.compiler jdk.crypto.ec jdk.crypto.cryptoki jdk.crypto.mscapi jdk.dynalink jdk.internal.ed jdk.editpad jdk.hotspot.agent jdk.httpserver jdk.internal.le jdk.internal.vm.ci jdk.internal.vm.compiler jdk.internal.vm.compiler.management jdk.jartool jdk.javadoc jdk.jcmd jdk.management jdk.management.agent jdk.jconsole jdk.jdeps jdk.jdwp.agent jdk.jdi jdk.jfr jdk.jshell jdk.jsobject jdk.jstatd jdk.localedata jdk.management.jfr jdk.naming.dns jdk.naming.rmi jdk.net jdk.nio.mapmode jdk.random jdk.sctp jdk.security.auth jdk.security.jgss jdk.unsupported jdk.unsupported.desktop jdk.xml.dom" 

Environment Variables:
JAVA_HOME=C:\Program Files\Java\jdk1.8.0_131
PATH=C:\Users\Purva\AppData\Local\Programs\Microsoft VS Code;C:\Program Files (x86)\Common Files\Oracle\Java\java8path;C:\Program Files (x86)\Common Files\Oracle\Java\javapath;C:\xampp\php;C:\Program Files\Java\jdk1.8.0_131\bin;C:\Users\Purva\AppData\Local\Programs\Python\Python312\Scripts\;C:\Users\Purva\AppData\Local\Programs\Python\Python312\;C:\WINDOWS\system32;C:\WINDOWS;C:\WINDOWS\System32\Wbem;C:\WINDOWS\System32\WindowsPowerShell\v1.0\;C:\WINDOWS\System32\OpenSSH\;C:\Program Files\MySQL\MySQL Server 5.5\bin;C:\Program Files\nodejs\;C:\ProgramData\chocolatey\bin;C:\Program Files\Cloudflare\Cloudflare WARP\;C:\Users\Purva\Downloads\opencv\build\bin;C:\Users\Purva\AppData\Local\Programs\Python\Python312\;C:\Program Files\dotnet\;C:\Program Files\Git\cmd;;C:\Program Files\Docker\Docker\resources\bin;C:\Users\Purva\AppData\Local\Programs\Python\Python311\Scripts\;C:\Users\Purva\AppData\Local\Programs\Python\Python311\;C:\Users\Purva\AppData\Local\Programs\Python\Launcher\;C:\Users\Purva\AppData\Local\Microsoft\WindowsApps;C:\Users\Purva\AppData\Local\Programs\Microsoft VS Code\bin;C:\Users\Purva\AppData\Local\Microsoft\WinGet\Packages\Schniz.fnm_Microsoft.Winget.Source_8wekyb3d8bbwe;C:\Users\Purva\AppData\Roaming\npm;C:\Users\Purva\AppData\Local\Muse Hub\lib;C:\Users\Purva\AppData\Local\GitHubDesktop\bin
USERNAME=Purva
OS=Windows_NT
PROCESSOR_IDENTIFIER=Intel64 Family 6 Model 142 Stepping 9, GenuineIntel
TMP=C:\Users\Purva\AppData\Local\Temp
TEMP=C:\Users\Purva\AppData\Local\Temp




Periodic native trim disabled

---------------  S Y S T E M  ---------------

OS:
 Windows 10 , 64 bit Build 19041 (10.0.19041.5915)
OS uptime: 8 days 3:00 hours
Hyper-V role detected

CPU: total 4 (initial active 4) (2 cores per cpu, 2 threads per core) family 6 model 142 stepping 9 microcode 0xde, cx8, cmov, fxsr, ht, mmx, 3dnowpref, sse, sse2, sse3, ssse3, sse4.1, sse4.2, popcnt, lzcnt, tsc, tscinvbit, avx, avx2, aes, erms, clmul, bmi1, bmi2, adx, fma, vzeroupper, clflush, clflushopt, hv, rdtscp, f16c
Processor Information for the first 4 processors :
  Max Mhz: 2904, Current Mhz: 2703, Mhz Limit: 2700

Memory: 4k page, system-wide physical 8085M (627M free)
TotalPageFile size 20584M (AvailPageFile size 21M)
current process WorkingSet (physical memory assigned to process): 154M, peak: 154M
current process commit charge ("private bytes"): 275M, peak: 278M

vm_info: OpenJDK 64-Bit Server VM (21.0.10+7-LTS) for windows-amd64 JRE (21.0.10+7-LTS), built on 2026-01-20T00:00:00Z by "admin" with MS VC++ 17.12 (VS2022)

END.
